Archive member included because of file (symbol)

cpu/arm920t/libarm920t.a(interrupts.o)
                              cpu/arm920t/start.o (do_undefined_instruction)
cpu/arm920t/s3c24x0/libs3c24x0.a(interrupts.o)
                              cpu/arm920t/libarm920t.a(interrupts.o) (reset_cpu)
cpu/arm920t/s3c24x0/libs3c24x0.a(speed.o)
                              cpu/arm920t/s3c24x0/libs3c24x0.a(interrupts.o) (get_PCLK)
lib_arm/libarm.a(_udivsi3.o)  cpu/arm920t/s3c24x0/libs3c24x0.a(interrupts.o) (__udivsi3)
lib_arm/libarm.a(board.o)     cpu/arm920t/s3c24x0/libs3c24x0.a(speed.o) (hang)
lib_arm/libarm.a(boot_zImage.o)
                              (__u_boot_cmd_boot_noos)
lib_arm/libarm.a(div0.o)      lib_arm/libarm.a(_udivsi3.o) (__div0)
net/libnet.a(net.o)           lib_arm/libarm.a(board.o) (copy_filename)
net/libnet.a(tftp.o)          net/libnet.a(net.o) (TftpStart)
net/libnet.a(bootp.o)         net/libnet.a(net.o) (BootpRequest)
net/libnet.a(rarp.o)          net/libnet.a(net.o) (RarpRequest)
net/libnet.a(eth.o)           lib_arm/libarm.a(board.o) (eth_initialize)
drivers/libdrivers.a(dm9000x.o)
                              net/libnet.a(net.o) (eth_init)
drivers/nand/libnand.a(nand.o)
                              lib_arm/libarm.a(board.o) (nand_init)
drivers/nand/libnand.a(nand_base.o)
                              drivers/nand/libnand.a(nand.o) (nand_scan)
drivers/nand/libnand.a(nand_ids.o)
                              drivers/nand/libnand.a(nand_base.o) (nand_manuf_ids)
drivers/nand/libnand.a(nand_ecc.o)
                              drivers/nand/libnand.a(nand_base.o) (nand_calculate_ecc)
drivers/nand/libnand.a(nand_bbt.o)
                              drivers/nand/libnand.a(nand_base.o) (nand_update_bbt)
drivers/lcd/liblcd.a(embedsky_lcd.o)
                              lib_arm/libarm.a(boot_zImage.o) (nand_read_ll_lcd)
modules/usb.module(usbmain.o)
                              cpu/arm920t/s3c24x0/libs3c24x0.a(interrupts.o) (IsrUsbd)
modules/usb.module(usbout.o)  modules/usb.module(usbmain.o) (Ep3Handler)
modules/usb.module(usbsetup.o)
                              modules/usb.module(usbmain.o) (Ep0Handler)
modules/usb.module(usbinit.o)
                              modules/usb.module(usbout.o) (download_run)
modules/usb.module(usbin.o)   modules/usb.module(usbmain.o) (PrepareEp1Fifo)
modules/usb.module(usblib.o)  modules/usb.module(usbmain.o) (ReconfigUsbd)
modules/wince.module(wince_cmds.o)
                              (__u_boot_cmd_wince)
modules/wince.module(ebootloader.o)
                              modules/wince.module(wince_cmds.o) (TOC_Read)
modules/wince.module(extract_wince_image.o)
                              modules/wince.module(wince_cmds.o) (GetLauchAddrFrmRam)
common/libcommon.a(main.o)    lib_arm/libarm.a(boot_zImage.o) (run_command)
common/libcommon.a(cmd_autoscript.o)
                              (__u_boot_cmd_autoscr)
common/libcommon.a(cmd_bdinfo.o)
                              (__u_boot_cmd_bdinfo)
common/libcommon.a(cmd_boot.o)
                              (__u_boot_cmd_reset)
common/libcommon.a(cmd_bootm.o)
                              (__u_boot_cmd_iminfo)
common/libcommon.a(cmd_cache.o)
                              (__u_boot_cmd_dcache)
common/libcommon.a(cmd_console.o)
                              (__u_boot_cmd_coninfo)
common/libcommon.a(cmd_date.o)
                              (__u_boot_cmd_date)
common/libcommon.a(cmd_elf.o)
                              (__u_boot_cmd_bootvx)
common/libcommon.a(cmd_flash.o)
                              (__u_boot_cmd_protect)
common/libcommon.a(cmd_itest.o)
                              (__u_boot_cmd_itest)
common/libcommon.a(cmd_jffs2.o)
                              (__u_boot_cmd_mtdparts)
common/libcommon.a(cmd_load.o)
                              (__u_boot_cmd_loady)
common/libcommon.a(cmd_mem.o)
                              (__u_boot_cmd_mtest)
common/libcommon.a(cmd_misc.o)
                              (__u_boot_cmd_sleep)
common/libcommon.a(cmd_nand.o)
                              (__u_boot_cmd_nboot)
common/libcommon.a(cmd_net.o)
                              (__u_boot_cmd_ping)
common/libcommon.a(cmd_nvedit.o)
                              (__u_boot_cmd_run)
common/libcommon.a(cmd_usbslave.o)
                              (__u_boot_cmd_usbslave)
common/libcommon.a(cmd_menu.o)
                              (__u_boot_cmd_menu)
common/libcommon.a(command.o)
                              (__u_boot_cmd_question_mark)
common/libcommon.a(console.o)
                              cpu/arm920t/libarm920t.a(interrupts.o) (printf)
common/libcommon.a(devices.o)
                              common/libcommon.a(cmd_console.o) (stdio_names)
common/libcommon.a(dlmalloc.o)
                              drivers/nand/libnand.a(nand_base.o) (free)
common/libcommon.a(env_common.o)
                              common/libcommon.a(cmd_nvedit.o) (env_get_char)
common/libcommon.a(env_nand.o)
[...]
Memory Configuration

Name             Origin             Length             Attributes
*default*        0x00000000         0xffffffff

Linker script and memory map

                0x00000000                . = 0x0
                0x00000000                . = ALIGN (0x4)

.text           0x33d00000    0x247b0
 cpu/arm920t/start.o(.text)
 .text          0x33d00000      0x480 cpu/arm920t/start.o
                0x33d00000                _start
                0x33d00320                Launch
                0x33d00044                _armboot_start
                0x33d00048                _bss_start
                0x33d00054                FREE_RAM_SIZE
                0x33d00050                FREE_RAM_END
                0x33d00058                IRQ_STACK_START
                0x33d0004c                _bss_end
                0x33d0005c                FIQ_STACK_START
 board/EmbedSky/boot_init.o(.text)
 .text          0x33d00480      0x564 board/EmbedSky/boot_init.o
                0x33d00524                nand_init_ll
                0x33d008fc                CopyCode2Ram
                0x33d00554                NF_ReadID
                0x33d008d0                bBootFrmNORFlash
                0x33d00990                clock_init
                0x33d005bc                nand_read_ll
                0x33d00714                nand_read_ll_lp
 board/EmbedSky/lowlevel_init.o(.text)
 .text          0x33d009e4       0x64 board/EmbedSky/lowlevel_init.o
                0x33d009e8                lowlevel_init
 *(.text)
 .text          0x33d00a48      0x280 cpu/arm920t/libarm920t.a(interrupts.o)
                0x33d00ca4                do_irq
                0x33d00bcc                do_undefined_instruction
                0x33d00c80                do_fiq
                0x33d00a74                bad_mode
                0x33d00a48                enable_interrupts
                0x33d00a90                show_regs
                0x33d00a58                disable_interrupts
                0x33d00c14                do_prefetch_abort
                0x33d00bf0                do_software_interrupt
                0x33d00c38                do_data_abort
                0x33d00c5c                do_not_used
 .text          0x33d00cc8      0x50c cpu/arm920t/s3c24x0/libs3c24x0.a(interrupts.o)
                0x33d00e68                udelay_masked
                0x33d00d48                reset_timer_masked
                0x33d010f0                Isr_Init
                0x33d01184                IRQ_Handle
                0x33d00f04                reset_cpu
                0x33d00ef8                get_tbclk
                0x33d00f94                Timer_StartEx
                0x33d00ee4                get_ticks
                0x33d01070                IsrWatchdog
                0x33d00ff0                Timer_StopEx
                0x33d00cc8                interrupt_init
                0x33d00f24                ClearPending
                0x33d00d78                reset_timer
                0x33d00e0c                udelay
                0x33d00dfc                set_timer
                0x33d00d7c                get_timer_masked
                0x33d00f40                Timer_InitEx
                0x33d010a8                IsrTimer4
                0x33d00de8                get_timer
                0x33d010c8                Dummy_isr
 .text          0x33d011d4      0x20c cpu/arm920t/s3c24x0/libs3c24x0.a(speed.o)
                0x33d01324                get_PCLK
                0x33d013d8                get_UCLK
                0x33d01278                get_HCLK
                0x33d01270                get_FCLK
 .text          0x33d013e0       0x98 lib_arm/libarm.a(_udivsi3.o)
                0x33d013e0                __udivsi3
 .text          0x33d01478      0x354 lib_arm/libarm.a(board.o)
                0x33d01478                sbrk
                0x33d01534                start_armboot
                0x33d01524                hang
 .text          0x33d017cc      0x338 lib_arm/libarm.a(boot_zImage.o)
                0x33d01a48                boot_noos
                0x33d01808                call_linux
                0x33d019b4                do_boot_zImage
                0x33d019cc                test_zImage
                0x33d018cc                boot_zImage
                0x33d01aec                do_boot_noos
                0x33d01a38                do_test_zImage
                0x33d017f8                tlb_invalidate
                0x33d017cc                cache_clean_invalidate
 .text          0x33d01b04        0x4 lib_arm/libarm.a(div0.o)
                0x33d01b04                __div0
 .text          0x33d01b08     0x15fc net/libnet.a(net.o)
                0x33d02c28                getenv_VLAN
                0x33d01d5c                NetSetHandler
                0x33d01e78                NetCksum
                0x33d0216c                PingSend
                0x33d02b74                VLAN_to_string
                0x33d02490                NetReceive
                0x33d02004                NetSendUDPPacket
                0x33d01ec4                NetSetIP
                0x33d023c0                copy_filename
                0x33d01b08                NetSetEther
                0x33d01bc8                ArpRequest
                0x33d02c40                NetLoop
                0x33d01dec                ArpTimeoutCheck
                0x33d01e74                NetSendPacket
                0x33d0246c                print_IPaddr
                0x33d02bd0                string_to_VLAN
                0x33d02358                NetCksumOk
                0x33d02414                ip_to_string
                0x33d02ae4                string_to_ip
                0x33d0237c                NetEthHdrSize
                0x33d01d6c                NetStartAgain
                0x33d02b64                getenv_IPaddr
                0x33d01d20                NetSetTimeout
 .text          0x33d03104      0x75c net/libnet.a(tftp.o)
                0x33d0362c                TftpStart
 .text          0x33d03860      0x640 net/libnet.a(bootp.o)
                0x33d03bf4                BootpRequest
 .text          0x33d03ea0      0x184 net/libnet.a(rarp.o)
                0x33d03edc                RarpRequest
 .text          0x33d04024        0x8 net/libnet.a(eth.o)
                0x33d04024                eth_initialize
 .text          0x33d0402c      0x768 drivers/libdrivers.a(dm9000x.o)
                0x33d0412c                eth_init
                0x33d04554                eth_send
                0x33d0462c                eth_halt
                0x33d04664                eth_rx
 .text          0x33d04794       0x7c drivers/nand/libnand.a(nand.o)
                0x33d04794                nand_init
 .text          0x33d04810     0x2d20 drivers/nand/libnand.a(nand_base.o)
                0x33d064b4                nand_write_calmecc
                0x33d06ae0                nand_scan
                0x33d05be0                nand_read_raw
                0x33d074f4                nand_release
                0x33d06850                nand_erase_nand
 .text          0x33d07530      0x2d4 drivers/nand/libnand.a(nand_ecc.o)
                0x33d07530                nand_calculate_ecc
                0x33d07644                nand_correct_data
 .text          0x33d07804     0x15ec drivers/nand/libnand.a(nand_bbt.o)
                0x33d08d88                nand_isbad_bbt
                0x33d08cb4                nand_default_bbt
                0x33d0885c                nand_scan_bbt
                0x33d08568                nand_update_bbt
 .text          0x33d08df0      0xa44 drivers/lcd/liblcd.a(embedsky_lcd.o)
                0x33d08df0                embedsky_lcd_ClearScr
                0x33d09090                embedsky_lcd_PowerEnable
                0x33d093ec                embedsky_user_logo
                0x33d09374                embedsky_tq_logo
                0x33d08e3c                embedsky_lcd_ClearScr_Rectangle
                0x33d08f34                putPixel
                0x33d08f58                drawProcessBar
                0x33d094d8                nand_read_ll_lcd
                0x33d08ea8                embedsky_paint_Bmp
                0x33d09658                nand_read_ll_lp_lcd
                0x33d090e0                embedsky_lcd_EnvidOnOff
                0x33d09104                embedsky_lcd_Init
 .text          0x33d09834      0x11c modules/usb.module(usbmain.o)
                0x33d0991c                _WrDbgStrFifo
                0x33d09834                UsbdMain
                0x33d09848                DbgPrintf
                0x33d09854                IsrUsbd
 .text          0x33d09950      0x3c4 modules/usb.module(usbout.o)
                0x33d09b50                IsrDma2
                0x33d09cec                ClearEp3OutPktReady
                0x33d099a0                Ep3Handler
 .text          0x33d09d14      0xc58 modules/usb.module(usbsetup.o)
                0x33d09d58                Ep0Handler
                0x33d09d14                PrintEp0Pkt
                0x33d0a820                InitDescriptorTable
 .text          0x33d0a96c      0x5f8 modules/usb.module(usbinit.o)
                0x33d0aa54                Clk1_Disable
                0x33d0aee8                HaltDabort
                0x33d0af30                Clk1_Enable
                0x33d0aa38                Clk0_Disable
                0x33d0a96c                awaitkey
                0x33d0aeac                HaltUndef
                0x33d0aed4                HaltPabort
                0x33d0a9dc                Port_Init
                0x33d0aa70                usb_init
                0x33d0aec0                HaltSwi
                0x33d0aefc                Clk0_Enable
                0x33d0abe4                usb_receive
 .text          0x33d0af64       0xd8 modules/usb.module(usbin.o)
                0x33d0afd0                Ep1Handler
                0x33d0af64                PrepareEp1Fifo
 .text          0x33d0b03c      0x3f4 modules/usb.module(usblib.o)
                0x33d0b03c                ReconfigUsbd
                0x33d0b3d0                ConfigEp3IntMode
                0x33d0b248                WrPktEp2
                0x33d0b1b8                RdPktEp0
                0x33d0b2a8                RdPktEp4
                0x33d0b194                ConfigUsbd
                0x33d0b218                WrPktEp1
                0x33d0b2d8                ConfigEp3DmaMode
                0x33d0b1e8                WrPktEp0
                0x33d0b278                RdPktEp3
 .text          0x33d0b430      0x5cc modules/wince.module(wince_cmds.o)
                0x33d0b530                MarkReservedBlocksUnused
                0x33d0b670                download_nkbin_to_flash
                0x33d0b744                Load_nknb0_to_flash
                0x33d0b4b0                do_wince
                0x33d0b45c                do_eboot
                0x33d0b430                ClearFreeMem
 .text          0x33d0b9fc      0x7b4 modules/wince.module(ebootloader.o)
                0x33d0bb30                TOC_Write
                0x33d0bde8                ID_Print
                0x33d0be84                ReadImageFromNand
                0x33d0b9fc                TOC_Read
                0x33d0bac8                TOC_Erase
                0x33d0bc48                TOC_Init
                0x33d0be24                TOC_Print
 .text          0x33d0c1b0      0x7b4 modules/wince.module(extract_wince_image.o)
                0x33d0c1b0                GetLauchAddrFrmRam
                0x33d0c4d4                ExtractImgFrmUSBBuf
                0x33d0c430                OEMMultiBINNotify
                0x33d0c340                OEMMapMemAddr
                0x33d0c39c                OEMVerifyMemory
                0x33d0c1dc                OEMReadData
 .text          0x33d0c964      0x92c common/libcommon.a(main.o)
                0x33d0cc1c                run_command
                0x33d0d214                do_run
                0x33d0ca40                readline
                0x33d0d06c                main_loop
 .text          0x33d0d290      0x260 common/libcommon.a(cmd_autoscript.o)
                0x33d0d290                autoscript
                0x33d0d4b0                do_autoscript
 .text          0x33d0d4f0       0xe4 common/libcommon.a(cmd_bdinfo.o)
                0x33d0d504                do_bdinfo
 .text          0x33d0d5d4       0x88 common/libcommon.a(cmd_boot.o)
                0x33d0d5d4                do_go
 .text          0x33d0d65c      0xe78 common/libcommon.a(cmd_bootm.o)
                0x33d0dc18                do_iminfo
                0x33d0ddf0                do_bootm
                0x33d0d65c                do_bootd
                0x33d0dc94                gunzip
                0x33d0d680                print_image_hdr
 .text          0x33d0e4d4      0x154 common/libcommon.a(cmd_cache.o)
                0x33d0e5a0                do_icache
                0x33d0e518                do_dcache
 .text          0x33d0e628       0xd8 common/libcommon.a(cmd_console.o)
                0x33d0e628                do_coninfo
 .text          0x33d0e700      0x33c common/libcommon.a(cmd_date.o)
                0x33d0e930                do_date
                0x33d0e748                mk_date
 .text          0x33d0ea3c      0x394 common/libcommon.a(cmd_elf.o)
                0x33d0ebac                do_bootvx
                0x33d0ed28                do_bootelf
                0x33d0ea90                load_elf_image
                0x33d0ea3c                valid_elf_image
 .text          0x33d0edd0      0xd50 common/libcommon.a(cmd_flash.o)
                0x33d0f33c                flash_sect_erase
                0x33d0f780                do_protect
                0x33d0f2a0                do_flinfo
                0x33d0f420                do_flerase
                0x33d0f690                flash_sect_protect
 .text          0x33d0fb20      0x2f0 common/libcommon.a(cmd_itest.o)
                0x33d0fb88                binary_test
                0x33d0fd64                do_itest
 .text          0x33d0fe10     0x21fc common/libcommon.a(cmd_jffs2.o)
                0x33d10efc                find_dev_and_part
                0x33d1170c                do_jffs2_fsload
                0x33d110a0                mtdparts_init
                0x33d11918                do_jffs2_fsinfo
                0x33d11898                do_jffs2_ls
                0x33d10b58                id_parse
                0x33d11a70                do_jffs2_mtdparts
                0x33d119ac                do_jffs2_chpart
 .text          0x33d1200c      0xf6c common/libcommon.a(cmd_load.o)
                0x33d12300                send_pad
                0x33d125f8                k_data_char
                0x33d12508                k_data_init
                0x33d12428                send_nack
                0x33d128a0                do_load_serial_bin
                0x33d12594                k_data_restore
                0x33d12530                k_data_save
                0x33d1233c                ktrans
                0x33d1200c                do_load_serial
                0x33d12368                chk1
                0x33d123c4                send_ack
                0x33d1266c                handle_send_packet
                0x33d12398                s1_sendpacket
 .text          0x33d12f78      0xb28 common/libcommon.a(cmd_mem.o)
                0x33d132cc                do_mem_cmp
                0x33d13488                do_mem_cp
                0x33d12fec                do_mem_md
                0x33d139e8                do_mem_crc
                0x33d139c0                do_mem_mm
                0x33d135bc                do_mem_base
                0x33d13998                do_mem_nm
                0x33d13200                do_mem_mw
                0x33d13600                do_mem_loop
                0x33d12f78                cmd_get_data_size
                0x33d13704                do_mem_mtest
 .text          0x33d13aa0       0x9c common/libcommon.a(cmd_misc.o)
                0x33d13aa0                do_sleep
 .text          0x33d13b3c     0x1288 common/libcommon.a(cmd_nand.o)
                0x33d13d78                do_nand
                0x33d14ba0                do_nandboot
 .text          0x33d14dc4      0x37c common/libcommon.a(cmd_net.o)
                0x33d15084                do_rarpb
                0x33d1509c                do_bootp
                0x33d150a8                do_ping
                0x33d15090                do_tftpb
 .text          0x33d15140      0x8b8 common/libcommon.a(cmd_nvedit.o)
                0x33d1588c                getenv
                0x33d15814                setenv
                0x33d15370                _do_setenv
                0x33d151b4                do_printenv
                0x33d1584c                do_setenv
                0x33d159cc                do_saveenv
                0x33d15908                getenv_r
 .text          0x33d159f8      0x1d4 common/libcommon.a(cmd_usbslave.o)
                0x33d159f8                do_usbslave
 .text          0x33d15bcc      0xef0 common/libcommon.a(cmd_menu.o)
                0x33d15ee4                lcd_menu_usage
                0x33d15c40                param_menu_shell
                0x33d167b8                menu_shell
                0x33d16158                main_menu_usage
                0x33d162fc                tftp_menu_shell
                0x33d15f70                lcd_menu_shell
                0x33d15bcc                param_menu_usage
                0x33d16aac                do_menu
 .text          0x33d16abc      0x308 common/libcommon.a(command.o)
                0x33d16b5c                find_cmd
                0x33d16adc                do_echo
                0x33d16abc                do_version
                0x33d16c04                do_help
 .text          0x33d16dc4      0x4d0 common/libcommon.a(console.o)
                0x33d17198                console_init_f
                0x33d16e6c                serial_printf
                0x33d170d8                had_ctrlc
                0x33d17068                ctrlc
                0x33d171a8                console_init_r
                0x33d170e8                clear_ctrlc
                0x33d16ea4                fgetc
                0x33d1703c                vprintf
                0x33d16ef4                fputc
                0x33d170c0                disable_ctrlc
                0x33d16f24                fputs
                0x33d16f50                fprintf
                0x33d170fc                dbg
                0x33d17108                console_assign
                0x33d16fa8                tstc
                0x33d16f90                getc
                0x33d17004                printf
                0x33d16fe8                puts
                0x33d16fc0                putc
                0x33d16ecc                ftstc
 .text          0x33d17294       0xf0 common/libcommon.a(devices.o)
                0x33d17294                device_register
                0x33d172b8                devices_init
                0x33d17368                devices_done
 .text          0x33d17384     0x108c common/libcommon.a(dlmalloc.o)
                0x33d18358                malloc_usable_size
                0x33d173b8                malloc_trim
                0x33d18284                calloc
                0x33d17ce8                realloc
                0x33d176a4                malloc
                0x33d17384                malloc_bin_reloc
                0x33d18150                memalign
                0x33d18398                mallopt
                0x33d18354                cfree
                0x33d1826c                pvalloc
                0x33d17490                free
                0x33d18260                valloc
 .text          0x33d18410      0x124 common/libcommon.a(env_common.o)
                0x33d18464                env_get_char_memory
                0x33d184a4                env_relocate
                0x33d18484                env_get_addr
                0x33d18410                env_crc_update
 .text          0x33d18534      0x204 common/libcommon.a(env_nand.o)
                0x33d1855c                saveenv
                0x33d186b0                env_relocate_spec
                0x33d18534                env_get_char_spec
                0x33d18540                env_init
 .text          0x33d18738       0xc0 common/libcommon.a(exports.o)
                0x33d18744                jumptable_init
                0x33d1873c                get_version
 .text          0x33d187f8      0x3b8 common/libcommon.a(flash.o)
                0x33d18ad0                flash_perror
                0x33d18900                addr2info
                0x33d187f8                flash_protect
                0x33d18948                flash_write
 .text          0x33d18bb0      0x3c8 common/libcommon.a(lists.o)
                0x33d18d08                ListSetAllocationPolicy
                0x33d18d20                ListInsertItems
                0x33d18c10                DisposeHandle
                0x33d18c38                SetHandleSize
                0x33d18f54                ListGetDataPtr
                0x33d18edc                ListGetItems
                0x33d18f60                ListGetItemSize
                0x33d18ca8                ListCreate
                0x33d18f24                ListGetPtrToItem
                0x33d18d1c                ListDispose
                0x33d18f6c                ListNumItems
                0x33d18ed4                ListInsertItem
                0x33d18c30                GetHandleSize
                0x33d18bb0                NewHandle
 .text          0x33d18f78      0x2f8 common/libcommon.a(s_record.o)
                0x33d18fec                srec_decode
 .text          0x33d19270      0xa98 common/libcommon.a(xyzModem.o)
                0x33d19c6c                xyzModem_error
                0x33d192d8                parse_num
                0x33d19894                xyzModem_stream_read
                0x33d19720                xyzModem_stream_open
                0x33d19270                CYGACC_COMM_IF_GETC_TIMEOUT
                0x33d192cc                CYGACC_COMM_IF_PUTC
                0x33d19b94                xyzModem_stream_terminate
                0x33d19b3c                xyzModem_stream_close
 .text          0x33d19d08       0x4c common/libcommon.a(crc16.o)
                0x33d19d08                cyg_crc16
 .text          0x33d19d54      0x1f0 lib_generic/libgeneric.a(crc32.o)
                0x33d19e50                crc32_no_comp
                0x33d19d54                crc32
 .text          0x33d19f44       0xb4 lib_generic/libgeneric.a(display_options.o)
                0x33d19f64                print_size
                0x33d19f44                display_options
 .text          0x33d19ff8      0x5a0 lib_generic/libgeneric.a(string.o)
                0x33d1a420                memcpy
                0x33d1a3f4                bcopy
                0x33d1a218                strspn
                0x33d1a038                strcat
                0x33d1a170                strrchr
                0x33d1a0d4                strncmp
                0x33d1a14c                strlen
                0x33d1a448                memmove
                0x33d1a33c                strsep
                0x33d1a064                strncat
                0x33d1a2b8                strtok
                0x33d1a014                strncpy
                0x33d1a3d0                memset
                0x33d1a4a8                memcmp
                0x33d1a1a8                strnlen
                0x33d1a568                memchr
                0x33d1a500                strstr
                0x33d1a0a4                strcmp
                0x33d1a374                strswab
                0x33d1a278                strpbrk
                0x33d1a11c                strchr
                0x33d1a4dc                memscan
                0x33d1a1e0                strdup
                0x33d19ff8                strcpy
 .text          0x33d1a598      0x800 lib_generic/libgeneric.a(vsprintf.o)
                0x33d1acd4                printk
                0x33d1a64c                simple_strtol
                0x33d1a8ec                vsprintf
                0x33d1ad30                sprintf
                0x33d1a598                simple_strtoul
                0x33d1ad50                panic
 .text          0x33d1ad98     0x2be8 lib_generic/libgeneric.a(zlib.o)
                0x33d1af68                inflateReset
                0x33d1aec8                inflateEnd
                0x33d1b23c                inflateInit
                0x33d1bb64                inflate
                0x33d1b294                inflateIncomp
                0x33d1afd0                inflateSync
                0x33d1b0dc                inflateInit2
                0x33d1d80c                adler32
 .text          0x33d1d980       0xfc board/EmbedSky/libEmbedSky.a(EmbedSky.o)
                0x33d1da5c                dram_init
                0x33d1d980                board_init
 .text          0x33d1da7c      0x71c board/EmbedSky/libEmbedSky.a(flash.o)
                0x33d1da7c                flash_init
                0x33d1e00c                write_buff
                0x33d1dce8                flash_erase
                0x33d1dbd4                flash_print_info
 .text          0x33d1e198      0x168 cpu/arm920t/libarm920t.a(cpu.o)
                0x33d1e2a0                icache_status
                0x33d1e268                icache_enable
                0x33d1e284                icache_disable
                0x33d1e2b4                dcache_enable
                0x33d1e228                cleanup_before_linux
                0x33d1e250                do_reset
                0x33d1e1d0                cpu_init
                0x33d1e2d0                dcache_disable
                0x33d1e2ec                dcache_status
 .text          0x33d1e300      0x178 cpu/arm920t/s3c24x0/libs3c24x0.a(serial.o)
                0x33d1e468                awaitkey2
                0x33d1e3a4                serial_tstc
                0x33d1e3b4                serial_puts
                0x33d1e3dc                do_getc
                0x33d1e354                serial_init
                0x33d1e37c                serial_putc
                0x33d1e364                serial_getc
                0x33d1e300                serial_setbrg
 .text          0x33d1e478      0x1ec cpu/arm920t/s3c24x0/libs3c24x0.a(nand_flash.o)
                0x33d1e5a0                board_nand_init
 .text          0x33d1e664       0x1c lib_arm/libarm.a(_ashldi3.o)
                0x33d1e664                __ashldi3
 .text          0x33d1e680       0x1c lib_arm/libarm.a(_ashrdi3.o)
                0x33d1e680                __ashrdi3
 *fill*         0x33d1e69c        0x4 00
 .text          0x33d1e6a0      0x140 lib_arm/libarm.a(_divsi3.o)
                0x33d1e6a0                __divsi3
 .text          0x33d1e7e0      0x100 lib_arm/libarm.a(_modsi3.o)
                0x33d1e7e0                __modsi3
 .text          0x33d1e8e0       0xb4 lib_arm/libarm.a(_umodsi3.o)
                0x33d1e8e0                __umodsi3
 .text          0x33d1e994      0x3b8 lib_arm/libarm.a(armlinux.o)
                0x33d1e994                do_bootm_linux
 .text          0x33d1ed4c        0x4 lib_arm/libarm.a(cache.o)
                0x33d1ed4c                flush_cache
 .text          0x33d1ed50      0x7d8 fs/cramfs/libcramfs.a(cramfs.o)
                0x33d1f28c                cramfs_ls
                0x33d1f4bc                cramfs_check
                0x33d1f058                cramfs_load
                0x33d1f3f4                cramfs_info
 .text          0x33d1f528       0xdc fs/cramfs/libcramfs.a(uncompress.o)
                0x33d1f5ec                cramfs_uncompress_exit
                0x33d1f540                cramfs_uncompress_block
                0x33d1f58c                cramfs_uncompress_init
 .text          0x33d1f604     0x1f64 fs/jffs2/libjffs2.a(jffs2_1pass.o)
                0x33d20108                jffs2_1pass_rescan_needed
                0x33d20fd0                jffs2_1pass_load
                0x33d1fea0                mkmodestr
                0x33d1f94c                jffs2_free_cache
                0x33d2072c                jffs2_1pass_ls
                0x33d213c0                jffs2_1pass_info
 .text          0x33d21568       0xd0 fs/jffs2/libjffs2.a(compr_rtime.o)
                0x33d21568                rtime_decompress
 .text          0x33d21638      0x128 fs/jffs2/libjffs2.a(compr_rubin.o)
                0x33d21638                rubin_do_decompress
                0x33d21718                dynrubin_decompress
 .text          0x33d21760       0x18 fs/jffs2/libjffs2.a(compr_zlib.o)
                0x33d21760                zlib_decompress
 .text          0x33d21778      0xdd0 fs/jffs2/libjffs2.a(mini_inflate.o)
                0x33d21c58                decompress_block
                0x33d21778                cramfs_memset
                0x33d217f4                pull_bit
                0x33d2178c                pull_bits
 .text          0x33d22548      0x2b8 rtc/librtc.a(date.o)
                0x33d22548                GregorianDay
                0x33d22760                mktime
                0x33d22638                to_tm
 .text          0x33d22800      0x214 rtc/librtc.a(s3c24x0_rtc.o)
                0x33d22938                rtc_set
                0x33d2284c                rtc_get
                0x33d229f0                rtc_reset
 .text          0x33d22a14      0xed0 drivers/nand/libnand.a(nand_util.o)
                0x33d232d8                nand_read_opts
                0x33d237b4                nand_unlock
                0x33d23728                nand_get_lock_status
                0x33d22a1c                nand_erase_opts
                0x33d22dac                nand_write_opts
                0x33d236b4                nand_lock
 .text          0x33d238e4      0x388 /opt/EmbedSky/crosstools_3.4.5_softfloat/gcc-3.4.5-glibc-2.3.6/arm-linux/lib/gcc/arm-linux/3.4.5/libgcc.a(_addsubdf3.oS)
                0x33d23bf4                __floatsidf
                0x33d23bcc                __floatunsidf
                0x33d238e4                __subdf3
                0x33d238e8                __adddf3
                0x33d23c20                __extendsfdf2
 .text          0x33d23c6c      0x580 /opt/EmbedSky/crosstools_3.4.5_softfloat/gcc-3.4.5-glibc-2.3.6/arm-linux/lib/gcc/arm-linux/3.4.5/libgcc.a(_muldivdf3.oS)
                0x33d23c6c                __muldf3
                0x33d23f80                __divdf3
 .text          0x33d241ec       0x80 /opt/EmbedSky/crosstools_3.4.5_softfloat/gcc-3.4.5-glibc-2.3.6/arm-linux/lib/gcc/arm-linux/3.4.5/libgcc.a(_fixdfsi.oS)
                0x33d241ec                __fixdfsi
 .text          0x33d2426c      0x544 /opt/EmbedSky/crosstools_3.4.5_softfloat/gcc-3.4.5-glibc-2.3.6/arm-linux/lib/gcc/arm-linux/3.4.5/libgcc.a(_udivdi3.oS)
                0x33d2426c                __udivdi3

.glue_7         0x33d247b0        0x0

.glue_7t        0x33d247b0        0x0
                0x33d247b0                . = ALIGN (0x4)

.rodata         0x33d247b0      0xa70
 *(.rodata)
 .rodata        0x33d247b0       0x80 cpu/arm920t/libarm920t.a(interrupts.o)
 .rodata        0x33d24830       0x28 lib_arm/libarm.a(board.o)
                0x33d24830                version_string
 .rodata        0x33d24858        0x8 net/libnet.a(net.o)
 .rodata        0x33d24860        0x8 drivers/nand/libnand.a(nand.o)
 .rodata        0x33d24868       0x14 drivers/nand/libnand.a(nand_base.o)
 .rodata        0x33d2487c      0x100 drivers/nand/libnand.a(nand_ecc.o)
 .rodata        0x33d2497c       0x46 modules/usb.module(usbsetup.o)
 *fill*         0x33d249c2        0x2 00
 .rodata        0x33d249c4       0x30 modules/wince.module(wince_cmds.o)
 .rodata        0x33d249f4       0x14 modules/wince.module(ebootloader.o)
 .rodata        0x33d24a08       0x14 common/libcommon.a(cmd_nvedit.o)
 .rodata        0x33d24a1c      0x200 common/libcommon.a(crc16.o)
 .rodata        0x33d24c1c      0x400 lib_generic/libgeneric.a(crc32.o)
 .rodata        0x33d2501c       0x30 cpu/arm920t/s3c24x0/libs3c24x0.a(nand_flash.o)
 .rodata        0x33d2504c       0xa4 fs/jffs2/libjffs2.a(jffs2_1pass.o)
 .rodata        0x33d250f0       0x30 rtc/librtc.a(date.o)
 .rodata        0x33d25120      0x100 /opt/EmbedSky/crosstools_3.4.5_softfloat/gcc-3.4.5-glibc-2.3.6/arm-linux/lib/gcc/arm-linux/3.4.5/libgcc.a(_clz.oS)
                0x33d25120                __clz_tab

.rodata.str1.4  0x33d25220     0x8c2f
 .rodata.str1.4
                0x33d25220      0x293 cpu/arm920t/libarm920t.a(interrupts.o)
                                0x29c (size before relaxing)
 *fill*         0x33d254b3        0x1 00
 .rodata.str1.4
                0x33d254b4       0x36 cpu/arm920t/s3c24x0/libs3c24x0.a(interrupts.o)
                                 0x38 (size before relaxing)
 *fill*         0x33d254ea        0x2 00
 .rodata.str1.4
                0x33d254ec       0x7d lib_arm/libarm.a(board.o)
                                 0x80 (size before relaxing)
 *fill*         0x33d25569        0x3 00
 .rodata.str1.4
                0x33d2556c      0x252 lib_arm/libarm.a(boot_zImage.o)
                                0x268 (size before relaxing)
 *fill*         0x33d257be        0x2 00
 .rodata.str1.4
                0x33d257c0      0x1f9 net/libnet.a(net.o)
                                0x1fc (size before relaxing)
 *fill*         0x33d259b9        0x3 00
 .rodata.str1.4
                0x33d259bc      0x1df net/libnet.a(tftp.o)
                                0x1ec (size before relaxing)
 *fill*         0x33d25b9b        0x1 00
 .rodata.str1.4
                0x33d25b9c       0x80 net/libnet.a(bootp.o)
                                 0xb4 (size before relaxing)
 .rodata.str1.4
                0x33d25c1c       0x13 net/libnet.a(rarp.o)
                                 0x48 (size before relaxing)
 *fill*         0x33d25c2f        0x1 00
 .rodata.str1.4
                0x33d25c30       0xcb drivers/libdrivers.a(dm9000x.o)
                                 0xd4 (size before relaxing)
 *fill*         0x33d25cfb        0x1 00
 .rodata.str1.4
                0x33d25cfc      0x316 drivers/nand/libnand.a(nand_base.o)
                                0x31c (size before relaxing)
 *fill*         0x33d26012        0x2 00
 .rodata.str1.4
                0x33d26014      0x43a drivers/nand/libnand.a(nand_ids.o)
                                0x43c (size before relaxing)
 *fill*         0x33d2644e        0x2 00
 .rodata.str1.4
                0x33d26450       0x92 drivers/nand/libnand.a(nand_ecc.o)
                                 0x94 (size before relaxing)
 *fill*         0x33d264e2        0x2 00
 .rodata.str1.4
                0x33d264e4      0x308 drivers/nand/libnand.a(nand_bbt.o)
 .rodata.str1.4
                0x33d267ec       0x62 drivers/lcd/liblcd.a(embedsky_lcd.o)
                                 0x64 (size before relaxing)
 *fill*         0x33d2684e        0x2 00
 .rodata.str1.4
                0x33d26850       0x18 modules/usb.module(usbout.o)
 .rodata.str1.4
                0x33d26868      0x12b modules/usb.module(usbsetup.o)
                                0x138 (size before relaxing)
 *fill*         0x33d26993        0x1 00
 .rodata.str1.4
                0x33d26994      0x15d modules/usb.module(usbinit.o)
                                0x160 (size before relaxing)
 *fill*         0x33d26af1        0x3 00
 .rodata.str1.4
                0x33d26af4      0x25f modules/wince.module(wince_cmds.o)
                                0x260 (size before relaxing)
 *fill*         0x33d26d53        0x1 00
 .rodata.str1.4
                0x33d26d54       0xfc modules/wince.module(ebootloader.o)
 .rodata.str1.4
                0x33d26e50      0x22d modules/wince.module(extract_wince_image.o)
                                0x230 (size before relaxing)
 *fill*         0x33d2707d        0x3 00
 .rodata.str1.4
                0x33d27080      0x130 common/libcommon.a(main.o)
                                0x140 (size before relaxing)
 .rodata.str1.4
                0x33d271b0       0xf6 common/libcommon.a(cmd_autoscript.o)
                                 0xf8 (size before relaxing)
 *fill*         0x33d272a6        0x2 00
 .rodata.str1.4
                0x33d272a8       0xbf common/libcommon.a(cmd_bdinfo.o)
                                 0xc0 (size before relaxing)
 *fill*         0x33d27367        0x1 00
 .rodata.str1.4
                0x33d27368      0x10b common/libcommon.a(cmd_boot.o)
                                0x118 (size before relaxing)
 *fill*         0x33d27473        0x1 00
 .rodata.str1.4
                0x33d27474      0x81a common/libcommon.a(cmd_bootm.o)
                                0x868 (size before relaxing)
 *fill*         0x33d27c8e        0x2 00
 .rodata.str1.4
                0x33d27c90      0x125 common/libcommon.a(cmd_cache.o)
                                0x13c (size before relaxing)
 *fill*         0x33d27db5        0x3 00
 .rodata.str1.4
                0x33d27db8       0x70 common/libcommon.a(cmd_console.o)
                                 0x74 (size before relaxing)
 .rodata.str1.4
                0x33d27e28      0x16c common/libcommon.a(cmd_date.o)
                                0x180 (size before relaxing)
 .rodata.str1.4
                0x33d27f94      0x2d7 common/libcommon.a(cmd_elf.o)
                                0x2f0 (size before relaxing)
 *fill*         0x33d2826b        0x1 00
 .rodata.str1.4
                0x33d2826c      0x8ab common/libcommon.a(cmd_flash.o)
                                0x8c4 (size before relaxing)
 *fill*         0x33d28b17        0x1 00
 .rodata.str1.4
                0x33d28b18       0xce common/libcommon.a(cmd_itest.o)
                                 0xdc (size before relaxing)
 *fill*         0x33d28be6        0x2 00
 .rodata.str1.4
                0x33d28be8      0xfc4 common/libcommon.a(cmd_jffs2.o)
                               0x1018 (size before relaxing)
 .rodata.str1.4
                0x33d29bac      0x3fc common/libcommon.a(cmd_load.o)
                                0x41c (size before relaxing)
 .rodata.str1.4
                0x33d29fa8      0x629 common/libcommon.a(cmd_mem.o)
                                0x648 (size before relaxing)
 *fill*         0x33d2a5d1        0x3 00
 .rodata.str1.4
                0x33d2a5d4       0x70 common/libcommon.a(cmd_misc.o)
                                 0x7c (size before relaxing)
 .rodata.str1.4
                0x33d2a644      0xbb9 common/libcommon.a(cmd_nand.o)
                                0xc00 (size before relaxing)
 *fill*         0x33d2b1fd        0x3 00
 .rodata.str1.4
                0x33d2b200      0x1c6 common/libcommon.a(cmd_net.o)
                                0x218 (size before relaxing)
 *fill*         0x33d2b3c6        0x2 00
 .rodata.str1.4
                0x33d2b3c8      0x31d common/libcommon.a(cmd_nvedit.o)
                                0x3b0 (size before relaxing)
 *fill*         0x33d2b6e5        0x3 00
 .rodata.str1.4
                0x33d2b6e8       0xa1 common/libcommon.a(cmd_usbslave.o)
                                 0xdc (size before relaxing)
 *fill*         0x33d2b789        0x3 00
 .rodata.str1.4
                0x33d2b78c     0x11e3 common/libcommon.a(cmd_menu.o)
                               0x122c (size before relaxing)
 *fill*         0x33d2c96f        0x1 00
 .rodata.str1.4
                0x33d2c970      0x27e common/libcommon.a(command.o)
                                0x280 (size before relaxing)
 *fill*         0x33d2cbee        0x2 00
 .rodata.str1.4
                0x33d2cbf0       0x2f common/libcommon.a(devices.o)
                                 0x48 (size before relaxing)
 *fill*         0x33d2cc1f        0x1 00
 .rodata.str1.4
                0x33d2cc20       0x33 common/libcommon.a(env_common.o)
                                 0x34 (size before relaxing)
 *fill*         0x33d2cc53        0x1 00
 .rodata.str1.4
                0x33d2cc54       0x97 common/libcommon.a(env_nand.o)
                                 0xa0 (size before relaxing)
 *fill*         0x33d2cceb        0x1 00
 .rodata.str1.4
                0x33d2ccec      0x11d common/libcommon.a(flash.o)
                                0x120 (size before relaxing)
 *fill*         0x33d2ce09        0x3 00
 .rodata.str1.4
                0x33d2ce0c       0xf2 common/libcommon.a(xyzModem.o)
                                 0xf8 (size before relaxing)
 *fill*         0x33d2cefe        0x2 00
 .rodata.str1.4
                0x33d2cf00       0x1f lib_generic/libgeneric.a(display_options.o)
                                 0x20 (size before relaxing)
 *fill*         0x33d2cf1f        0x1 00
 .rodata.str1.4
                0x33d2cf20       0x57 lib_generic/libgeneric.a(vsprintf.o)
                                 0x58 (size before relaxing)
 *fill*         0x33d2cf77        0x1 00
 .rodata.str1.4
                0x33d2cf78      0x20d lib_generic/libgeneric.a(zlib.o)
                                0x214 (size before relaxing)
 *fill*         0x33d2d185        0x3 00
 .rodata.str1.4
                0x33d2d188      0x125 board/EmbedSky/libEmbedSky.a(flash.o)
                                0x12c (size before relaxing)
 *fill*         0x33d2d2ad        0x3 00
 .rodata.str1.4
                0x33d2d2b0       0x14 cpu/arm920t/s3c24x0/libs3c24x0.a(nand_flash.o)
 .rodata.str1.4
                0x33d2d2c4       0x5b lib_arm/libarm.a(armlinux.o)
                                 0xc4 (size before relaxing)
 *fill*         0x33d2d31f        0x1 00
 .rodata.str1.4
                0x33d2d320      0x1ac fs/cramfs/libcramfs.a(cramfs.o)
                                0x1b4 (size before relaxing)
 .rodata.str1.4
                0x33d2d4cc      0x42b fs/jffs2/libjffs2.a(jffs2_1pass.o)
                                0x450 (size before relaxing)
 *fill*         0x33d2d8f7        0x1 00
 .rodata.str1.4
                0x33d2d8f8      0x557 drivers/nand/libnand.a(nand_util.o)
                                0x55c (size before relaxing)
                0x33d2de50                . = ALIGN (0x4)

.data           0x33d2de50     0x8e64
 *(.data)
 .data          0x33d2de50       0x2c lib_arm/libarm.a(board.o)
                0x33d2de50                init_sequence
 .data          0x33d2de7c        0xa net/libnet.a(net.o)
                0x33d2de7e                NetOurVLAN
                0x33d2de7c                NetOurNativeVLAN
                0x33d2de80                NetBcastAddr
 .data          0x33d2de86        0x4 net/libnet.a(tftp.o)
 *fill*         0x33d2de8a        0x2 00
 .data          0x33d2de8c        0x4 drivers/libdrivers.a(dm9000x.o)
 .data          0x33d2de90        0x4 drivers/nand/libnand.a(nand.o)
                0x33d2de90                nand_curr_device
 .data          0x33d2de94      0x298 drivers/nand/libnand.a(nand_base.o)
 .data          0x33d2e12c      0x548 drivers/nand/libnand.a(nand_ids.o)
                0x33d2e12c                nand_manuf_ids
                0x33d2e164                nand_flash_ids
 .data          0x33d2e674      0x110 drivers/nand/libnand.a(nand_bbt.o)
 .data          0x33d2e784     0x791f drivers/lcd/liblcd.a(embedsky_lcd.o)
                0x33d2e78b                down_mode
                0x33d2e788                vspw
                0x33d2e787                hbpd
                0x33d2e786                hfpd
                0x33d3436b                logo_net
                0x33d303ab                logo_tqkj
                0x33d2e78a                vbpd
                0x33d2e785                hspw
                0x33d2e784                clkval_tft
                0x33d2e789                vfpd
 .data          0x33d360a3        0x2 modules/usb.module(usbsetup.o)
                0x33d360a3                Selfpwr
                0x33d360a4                Configuration
 *fill*         0x33d360a5        0x3 00
 .data          0x33d360a8        0x4 modules/wince.module(ebootloader.o)
                0x33d360a8                pbUUID
 .data          0x33d360ac        0x4 modules/wince.module(extract_wince_image.o)
 .data          0x33d360b0       0x10 common/libcommon.a(main.o)
 .data          0x33d360c0        0x4 common/libcommon.a(cmd_bootm.o)
                0x33d360c0                load_addr
 .data          0x33d360c4       0x1c common/libcommon.a(cmd_date.o)
                0x33d360c4                weekdays
 .data          0x33d360e0       0x68 common/libcommon.a(cmd_itest.o)
                0x33d360e0                op_table
 .data          0x33d36148        0x4 common/libcommon.a(cmd_load.o)
 .data          0x33d3614c        0x4 common/libcommon.a(cmd_mem.o)
                0x33d3614c                dp_last_length
 .data          0x33d36150        0x4 common/libcommon.a(cmd_usbslave.o)
                0x33d36150                g_bUSBWait
 .data          0x33d36154        0xc common/libcommon.a(devices.o)
                0x33d36154                stdio_names
 .data          0x33d36160      0x414 common/libcommon.a(dlmalloc.o)
 .data          0x33d36574       0xd8 common/libcommon.a(env_common.o)
                0x33d36578                default_environment
                0x33d36648                env_get_char
                0x33d36574                default_environment_size
 .data          0x33d3664c        0x4 common/libcommon.a(env_nand.o)
                0x33d3664c                env_name_spec
 .data          0x33d36650      0x100 lib_generic/libgeneric.a(ctype.o)
                0x33d36650                _ctype
 .data          0x33d36750      0x2a0 lib_generic/libgeneric.a(zlib.o)
                0x33d36750                z_errmsg
                0x33d36770                zlib_version
 .data          0x33d369f0       0x28 fs/jffs2/libjffs2.a(jffs2_1pass.o)
 .data          0x33d36a18       0x13 fs/jffs2/libjffs2.a(mini_inflate.o)
 *fill*         0x33d36a2b        0x1 00
 .data          0x33d36a2c       0x30 rtc/librtc.a(date.o)
 .data          0x33d36a5c      0x258 drivers/nand/libnand.a(nand_util.o)

.got.plt        0x33d36cb4        0xc
 .got.plt       0x33d36cb4        0xc /opt/EmbedSky/crosstools_3.4.5_softfloat/gcc-3.4.5-glibc-2.3.6/arm-linux/lib/gcc/arm-linux/3.4.5/libgcc.a(_udivdi3.oS)
                0x33d36cb4                _GLOBAL_OFFSET_TABLE_
                0x33d36cc0                . = ALIGN (0x4)

.got            0x33d36cc0        0x4
 *(.got)
 .got           0x33d36cc0        0x4 /opt/EmbedSky/crosstools_3.4.5_softfloat/gcc-3.4.5-glibc-2.3.6/arm-linux/lib/gcc/arm-linux/3.4.5/libgcc.a(_udivdi3.oS)
                0x33d36cc4                . = .
                0x33d36cc4                __u_boot_cmd_start = .

.u_boot_cmd     0x33d36cc4      0x588
 *(.u_boot_cmd)
 .u_boot_cmd    0x33d36cc4       0x48 lib_arm/libarm.a(boot_zImage.o)
                0x33d36cc4                __u_boot_cmd_boot_noos
                0x33d36cdc                __u_boot_cmd_test_zImage
                0x33d36cf4                __u_boot_cmd_boot_zImage
 .u_boot_cmd    0x33d36d0c       0x30 modules/wince.module(wince_cmds.o)
                0x33d36d24                __u_boot_cmd_eboot
                0x33d36d0c                __u_boot_cmd_wince
 .u_boot_cmd    0x33d36d3c       0x18 common/libcommon.a(cmd_autoscript.o)
                0x33d36d3c                __u_boot_cmd_autoscr
 .u_boot_cmd    0x33d36d54       0x18 common/libcommon.a(cmd_bdinfo.o)
                0x33d36d54                __u_boot_cmd_bdinfo
 .u_boot_cmd    0x33d36d6c       0x30 common/libcommon.a(cmd_boot.o)
                0x33d36d6c                __u_boot_cmd_reset
                0x33d36d84                __u_boot_cmd_go
 .u_boot_cmd    0x33d36d9c       0x60 common/libcommon.a(cmd_bootm.o)
                0x33d36de4                __u_boot_cmd_bootm
                0x33d36d9c                __u_boot_cmd_iminfo
                0x33d36db4                __u_boot_cmd_bootd
                0x33d36dcc                __u_boot_cmd_boot
 .u_boot_cmd    0x33d36dfc       0x30 common/libcommon.a(cmd_cache.o)
                0x33d36dfc                __u_boot_cmd_dcache
                0x33d36e14                __u_boot_cmd_icache
 .u_boot_cmd    0x33d36e2c       0x18 common/libcommon.a(cmd_console.o)
                0x33d36e2c                __u_boot_cmd_coninfo
 .u_boot_cmd    0x33d36e44       0x18 common/libcommon.a(cmd_date.o)
                0x33d36e44                __u_boot_cmd_date
 .u_boot_cmd    0x33d36e5c       0x30 common/libcommon.a(cmd_elf.o)
                0x33d36e74                __u_boot_cmd_bootelf
                0x33d36e5c                __u_boot_cmd_bootvx
 .u_boot_cmd    0x33d36e8c       0x48 common/libcommon.a(cmd_flash.o)
                0x33d36ebc                __u_boot_cmd_flinfo
                0x33d36e8c                __u_boot_cmd_protect
                0x33d36ea4                __u_boot_cmd_erase
 .u_boot_cmd    0x33d36ed4       0x18 common/libcommon.a(cmd_itest.o)
                0x33d36ed4                __u_boot_cmd_itest
 .u_boot_cmd    0x33d36eec       0x78 common/libcommon.a(cmd_jffs2.o)
                0x33d36f1c                __u_boot_cmd_fsinfo
                0x33d36f04                __u_boot_cmd_chpart
                0x33d36eec                __u_boot_cmd_mtdparts
                0x33d36f34                __u_boot_cmd_ls
                0x33d36f4c                __u_boot_cmd_fsload
 .u_boot_cmd    0x33d36f64       0x60 common/libcommon.a(cmd_load.o)
                0x33d36f64                __u_boot_cmd_loady
                0x33d36f7c                __u_boot_cmd_loadx
                0x33d36fac                __u_boot_cmd_loads
                0x33d36f94                __u_boot_cmd_loadb
 .u_boot_cmd    0x33d36fc4       0xf0 common/libcommon.a(cmd_mem.o)
                0x33d37084                __u_boot_cmd_mm
                0x33d3703c                __u_boot_cmd_cp
                0x33d36fdc                __u_boot_cmd_loop
                0x33d36ff4                __u_boot_cmd_base
                0x33d37054                __u_boot_cmd_mw
                0x33d37024                __u_boot_cmd_cmp
                0x33d3706c                __u_boot_cmd_nm
                0x33d36fc4                __u_boot_cmd_mtest
                0x33d3700c                __u_boot_cmd_crc32
                0x33d3709c                __u_boot_cmd_md
 .u_boot_cmd    0x33d370b4       0x18 common/libcommon.a(cmd_misc.o)
                0x33d370b4                __u_boot_cmd_sleep
 .u_boot_cmd    0x33d370cc       0x30 common/libcommon.a(cmd_nand.o)
                0x33d370e4                __u_boot_cmd_nand
                0x33d370cc                __u_boot_cmd_nboot
 .u_boot_cmd    0x33d370fc       0x60 common/libcommon.a(cmd_net.o)
                0x33d370fc                __u_boot_cmd_ping
                0x33d37114                __u_boot_cmd_rarpboot
                0x33d37144                __u_boot_cmd_bootp
                0x33d3712c                __u_boot_cmd_tftpboot
 .u_boot_cmd    0x33d3715c       0x60 common/libcommon.a(cmd_nvedit.o)
                0x33d3718c                __u_boot_cmd_setenv
                0x33d371a4                __u_boot_cmd_printenv
                0x33d37174                __u_boot_cmd_saveenv
                0x33d3715c                __u_boot_cmd_run
 .u_boot_cmd    0x33d371bc       0x18 common/libcommon.a(cmd_usbslave.o)
                0x33d371bc                __u_boot_cmd_usbslave
 .u_boot_cmd    0x33d371d4       0x18 common/libcommon.a(cmd_menu.o)
                0x33d371d4                __u_boot_cmd_menu
 .u_boot_cmd    0x33d371ec       0x60 common/libcommon.a(command.o)
                0x33d37234                __u_boot_cmd_version
                0x33d3721c                __u_boot_cmd_echo
                0x33d37204                __u_boot_cmd_help
                0x33d371ec                __u_boot_cmd_question_mark
                0x33d3724c                __u_boot_cmd_end = .
                0x33d3724c                . = ALIGN (0x4)
                0x33d3724c                __bss_start = .

.bss            0x33d3724c    0x2bde0
 *(.bss)
 .bss           0x33d3724c        0x2 board/EmbedSky/boot_init.o
                0x33d3724c                bLARGEBLOCK
                0x33d3724d                b128MB
 *fill*         0x33d3724e        0x2 00
 .bss           0x33d37250       0xe0 cpu/arm920t/s3c24x0/libs3c24x0.a(interrupts.o)
                0x33d37254                isr_handle_array
                0x33d3731c                intregs
                0x33d37320                g_TimerIntHappen
                0x33d37250                timer_load_val
 .bss           0x33d37330       0x10 lib_arm/libarm.a(board.o)
                0x33d37330                monitor_flash_len
 .bss           0x33d37340     0x25d0 net/libnet.a(net.o)
                0x33d37498                PktBuf
                0x33d373d4                NetOurDNSIP
                0x33d373f4                NetRxPackets
                0x33d37392                NetOurHostName
                0x33d373ec                NetOurIP
                0x33d373d8                NetOurGatewayIP
                0x33d37414                BootFile
                0x33d37340                NetTxPacket
                0x33d392cc                NetArpWaitPacketBuf
                0x33d373b2                NetOurNISDomain
                0x33d37352                NetOurRootPath
                0x33d3734a                NetServerEther
                0x33d37410                NetState
                0x33d373dc                NetOurSubnetMask
                0x33d392b8                NetArpWaitPacketIP
                0x33d398ec                NetArpWaitTimerStart
                0x33d373f0                NetServerIP
                0x33d37344                NetEtherNullAddr
                0x33d392bc                NetArpWaitReplyIP
                0x33d392c0                NetArpWaitPacketMAC
                0x33d373e4                NetOurEther
                0x33d3740c                NetIPID
                0x33d392c8                NetArpWaitTxPacketSize
                0x33d392c4                NetArpWaitTxPacket
                0x33d37350                NetBootFileSize
                0x33d398f0                NetArpWaitTry
                0x33d37494                NetPingIP
                0x33d37408                NetRxPktLen
                0x33d373e0                NetBootFileXferSize
                0x33d37404                NetRxPkt
 .bss           0x33d39910       0x34 net/libnet.a(tftp.o)
 .bss           0x33d39944        0x8 net/libnet.a(bootp.o)
                0x33d39948                BootpTry
                0x33d39944                BootpID
 .bss           0x33d3994c        0x4 net/libnet.a(rarp.o)
                0x33d3994c                RarpTry
 .bss           0x33d39950       0xa4 drivers/libdrivers.a(dm9000x.o)
                0x33d39950                dmfe_info
 .bss           0x33d399f4      0x208 drivers/nand/libnand.a(nand.o)
                0x33d399f4                nand_info
 .bss           0x33d39bfc    0x25804 drivers/lcd/liblcd.a(embedsky_lcd.o)
                0x33d39bfc                currWidth
                0x33d39c00                embedsky_LCD_BUFFER
 .bss           0x33d5f400     0x1008 modules/usb.module(usbmain.o)
                0x33d5f400                dbgStrWrPt
                0x33d5f404                dbgStrRdPt
                0x33d5f408                dbgStrFifo
 .bss           0x33d60408       0x61 modules/usb.module(usbout.o)
                0x33d60408                ep3Buf
 *fill*         0x33d60469        0x3 00
 .bss           0x33d6046c       0x68 modules/usb.module(usbsetup.o)
                0x33d60498                descConf
                0x33d6047c                descSetup
                0x33d60470                ep0SubState
                0x33d6047a                endpoint3_status
                0x33d604b0                descEndpt0
                0x33d60475                AlterSetting
                0x33d604c4                InterfaceGet
                0x33d60477                interface_status
                0x33d604a4                descIf
                0x33d60484                descDev
                0x33d60479                endpoint1_status
                0x33d6046c                ep0State
                0x33d60474                Rwuen
                0x33d604c8                StatusGet
                0x33d60476                device_status
                0x33d60478                endpoint0_status
                0x33d604b8                descEndpt1
                0x33d604c0                ConfigSet
 .bss           0x33d604d4       0x5c modules/usb.module(usbinit.o)
                0x33d604fc                downPt
                0x33d604f4                downloadAddress
                0x33d604e4                usbdevregs
                0x33d60508                totalDmaCount
                0x33d604d8                download_run
                0x33d60510                tempDownloadAddress
                0x33d604e0                restart
                0x33d604f0                gpioregs
                0x33d6052c                consoleNum
                0x33d604e8                dmaregs
                0x33d6050c                isUsbdSetConfiguration
                0x33d604dc                err
                0x33d60504                checkSum
                0x33d60500                downloadFileSize
                0x33d604f8                run
                0x33d60528                dwUSBBufSize
                0x33d60518                dwUSBBufWritePtr
                0x33d604ec                clk_powerregs
                0x33d6051c                dwWillDMACnt
                0x33d60514                dwUSBBufReadPtr
                0x33d60524                dwUSBBufBase
                0x33d60520                bDMAPending
                0x33d604d4                menuUsed
 .bss           0x33d60530       0x24 modules/usb.module(usbin.o)
                0x33d60530                transferIndex
                0x33d60534                ep1Buf
 .bss           0x33d60554      0x204 modules/wince.module(ebootloader.o)
                0x33d60558                toc
                0x33d60554                JumpAddr
 .bss           0x33d60758        0x4 modules/wince.module(extract_wince_image.o)
                0x33d60758                g_dwCntReadFrmUSB
 .bss           0x33d6075c      0x200 common/libcommon.a(main.o)
                0x33d6075c                console_buffer
 .bss           0x33d6095c       0x40 common/libcommon.a(cmd_bootm.o)
                0x33d6095c                header
 .bss           0x33d6099c      0x2ac common/libcommon.a(cmd_jffs2.o)
                0x33d6099c                mtdids
                0x33d609a4                devices
 .bss           0x33d60c48       0x88 common/libcommon.a(cmd_load.o)
                0x33d60c6c                his_eol
                0x33d60c78                os_data_init
                0x33d60c48                os_data_count
                0x33d60c74                his_pad_char
                0x33d60c94                send_ptr
                0x33d60c75                his_quote
                0x33d60c80                send_parms
                0x33d60c7c                os_data_char
                0x33d60c70                his_pad_count
                0x33d60c4c                os_data_header
 .bss           0x33d60cd0       0x14 common/libcommon.a(cmd_mem.o)
                0x33d60cd4                dp_last_size
                0x33d60cdc                mm_last_size
                0x33d60cd8                mm_last_addr
                0x33d60cd0                dp_last_addr
 .bss           0x33d60ce4        0x4 common/libcommon.a(cmd_usbslave.o)
                0x33d60ce4                g_dwDownloadLen
 .bss           0x33d60ce8        0x8 common/libcommon.a(console.o)
 .bss           0x33d60cf0       0x10 common/libcommon.a(devices.o)
                0x33d60cf0                stdio_devices
                0x33d60cfc                devlist
 .bss           0x33d60d00       0x3c common/libcommon.a(dlmalloc.o)
 .bss           0x33d60d3c        0x4 common/libcommon.a(env_nand.o)
                0x33d60d3c                env_ptr
 .bss           0x33d60d40      0x43c common/libcommon.a(xyzModem.o)
 .bss           0x33d6117c        0x4 lib_generic/libgeneric.a(string.o)
                0x33d6117c                ___strtok
 .bss           0x33d61180      0x400 lib_generic/libgeneric.a(vsprintf.o)
 .bss           0x33d61580     0x10a8 lib_generic/libgeneric.a(zlib.o)
 .bss           0x33d62628       0x6c board/EmbedSky/libEmbedSky.a(flash.o)
                0x33d62628                flash_info
 .bss           0x33d62694        0x4 cpu/arm920t/s3c24x0/libs3c24x0.a(serial.o)
                0x33d62694                getc_errno
 .bss           0x33d62698        0x4 lib_arm/libarm.a(armlinux.o)
 .bss           0x33d6269c       0x4c fs/cramfs/libcramfs.a(cramfs.o)
                0x33d6269c                super
 .bss           0x33d626e8       0x34 fs/cramfs/libcramfs.a(uncompress.o)
 .bss           0x33d6271c        0x8 fs/jffs2/libjffs2.a(jffs2_1pass.o)
 .bss           0x33d62724      0x908 drivers/nand/libnand.a(nand_util.o)

.rel.dyn
                0x33d6302c                _end = .
Address of section .text set to 0x33d00000
LOAD cpu/arm920t/start.o
START GROUP
LOAD lib_generic/libgeneric.a
LOAD board/EmbedSky/libEmbedSky.a
LOAD cpu/arm920t/libarm920t.a
LOAD cpu/arm920t/s3c24x0/libs3c24x0.a
LOAD lib_arm/libarm.a
LOAD fs/cramfs/libcramfs.a
LOAD fs/jffs2/libjffs2.a
LOAD net/libnet.a
LOAD rtc/librtc.a
LOAD drivers/libdrivers.a
LOAD drivers/nand/libnand.a
LOAD drivers/nand_legacy/libnand_legacy.a
LOAD drivers/lcd/liblcd.a
LOAD modules/usb.module
LOAD modules/wince.module
LOAD common/libcommon.a
END GROUP
LOAD /opt/EmbedSky/crosstools_3.4.5_softfloat/gcc-3.4.5-glibc-2.3.6/arm-linux/lib/gcc/arm-linux/3.4.5/libgcc.a
OUTPUT(u-boot elf32-littlearm)

.debug_line     0x00000000     0xb1d9
 .debug_line    0x00000000       0xcd cpu/arm920t/start.o
 .debug_line    0x000000cd      0x158 board/EmbedSky/boot_init.o
 .debug_line    0x00000225       0x46 board/EmbedSky/lowlevel_init.o
 .debug_line    0x0000026b       0xc5 cpu/arm920t/libarm920t.a(interrupts.o)
 .debug_line    0x00000330      0x1c0 cpu/arm920t/s3c24x0/libs3c24x0.a(interrupts.o)
 .debug_line    0x000004f0      0x18f cpu/arm920t/s3c24x0/libs3c24x0.a(speed.o)
 .debug_line    0x0000067f       0x5c lib_arm/libarm.a(_udivsi3.o)
 .debug_line    0x000006db      0x1f1 lib_arm/libarm.a(board.o)
 .debug_line    0x000008cc      0x197 lib_arm/libarm.a(boot_zImage.o)
 .debug_line    0x00000a63       0x33 lib_arm/libarm.a(div0.o)
 .debug_line    0x00000a96      0x722 net/libnet.a(net.o)
 .debug_line    0x000011b8      0x2c4 net/libnet.a(tftp.o)
 .debug_line    0x0000147c      0x2dc net/libnet.a(bootp.o)
 .debug_line    0x00001758       0xf9 net/libnet.a(rarp.o)
 .debug_line    0x00001851       0xbf net/libnet.a(eth.o)
 .debug_line    0x00001910      0x236 drivers/libdrivers.a(dm9000x.o)
 .debug_line    0x00001b46      0x183 drivers/nand/libnand.a(nand.o)
 .debug_line    0x00001cc9      0x85d drivers/nand/libnand.a(nand_base.o)
 .debug_line    0x00002526       0x71 drivers/nand/libnand.a(nand_ids.o)
 .debug_line    0x00002597      0x1d0 drivers/nand/libnand.a(nand_ecc.o)
 .debug_line    0x00002767      0x484 drivers/nand/libnand.a(nand_bbt.o)
 .debug_line    0x00002beb      0x305 drivers/lcd/liblcd.a(embedsky_lcd.o)
 .debug_line    0x00002ef0       0x99 modules/usb.module(usbmain.o)
 .debug_line    0x00002f89       0xf2 modules/usb.module(usbout.o)
 .debug_line    0x0000307b      0x1f1 modules/usb.module(usbsetup.o)
 .debug_line    0x0000326c      0x224 modules/usb.module(usbinit.o)
 .debug_line    0x00003490       0x7d modules/usb.module(usbin.o)
 .debug_line    0x0000350d       0xea modules/usb.module(usblib.o)
 .debug_line    0x000035f7      0x2a6 modules/wince.module(wince_cmds.o)
 .debug_line    0x0000389d      0x27d modules/wince.module(ebootloader.o)
 .debug_line    0x00003b1a      0x1a4 modules/wince.module(extract_wince_image.o)
 .debug_line    0x00003cbe      0x1ea common/libcommon.a(main.o)
 .debug_line    0x00003ea8      0x20a common/libcommon.a(cmd_autoscript.o)
 .debug_line    0x000040b2      0x12e common/libcommon.a(cmd_bdinfo.o)
 .debug_line    0x000041e0       0xd9 common/libcommon.a(cmd_boot.o)
 .debug_line    0x000042b9      0x47b common/libcommon.a(cmd_bootm.o)
 .debug_line    0x00004734       0xae common/libcommon.a(cmd_cache.o)
 .debug_line    0x000047e2       0xa9 common/libcommon.a(cmd_console.o)
 .debug_line    0x0000488b      0x16f common/libcommon.a(cmd_date.o)
 .debug_line    0x000049fa      0x1b7 common/libcommon.a(cmd_elf.o)
 .debug_line    0x00004bb1      0x313 common/libcommon.a(cmd_flash.o)
 .debug_line    0x00004ec4      0x11e common/libcommon.a(cmd_itest.o)
 .debug_line    0x00004fe2      0x95e common/libcommon.a(cmd_jffs2.o)
 .debug_line    0x00005940      0x3ed common/libcommon.a(cmd_load.o)
 .debug_line    0x00005d2d      0x2a2 common/libcommon.a(cmd_mem.o)
 .debug_line    0x00005fcf       0xd2 common/libcommon.a(cmd_misc.o)
 .debug_line    0x000060a1      0x461 common/libcommon.a(cmd_nand.o)
 .debug_line    0x00006502      0x13c common/libcommon.a(cmd_net.o)
 .debug_line    0x0000663e      0x2b7 common/libcommon.a(cmd_nvedit.o)
 .debug_line    0x000068f5      0x166 common/libcommon.a(cmd_usbslave.o)
 .debug_line    0x00006a5b      0x1cb common/libcommon.a(cmd_menu.o)
 .debug_line    0x00006c26      0x113 common/libcommon.a(command.o)
 .debug_line    0x00006d39      0x276 common/libcommon.a(console.o)
 .debug_line    0x00006faf      0x153 common/libcommon.a(devices.o)
 .debug_line    0x00007102      0x3a9 common/libcommon.a(dlmalloc.o)
 .debug_line    0x000074ab      0x152 common/libcommon.a(env_common.o)
 .debug_line    0x000075fd      0x22e common/libcommon.a(env_nand.o)
 .debug_line    0x0000782b       0xdf common/libcommon.a(exports.o)
 .debug_line    0x0000790a      0x149 common/libcommon.a(flash.o)
 .debug_line    0x00007a53      0x107 common/libcommon.a(lists.o)
 .debug_line    0x00007b5a      0x109 common/libcommon.a(s_record.o)
 .debug_line    0x00007c63      0x22a common/libcommon.a(xyzModem.o)
 .debug_line    0x00007e8d       0xc7 common/libcommon.a(crc16.o)
 .debug_line    0x00007f54       0x9a lib_generic/libgeneric.a(crc32.o)
 .debug_line    0x00007fee       0x25 lib_generic/libgeneric.a(ctype.o)
 .debug_line    0x00008013       0xa1 lib_generic/libgeneric.a(display_options.o)
 .debug_line    0x000080b4      0x1be lib_generic/libgeneric.a(string.o)
 .debug_line    0x00008272      0x20c lib_generic/libgeneric.a(vsprintf.o)
 .debug_line    0x0000847e      0x5d5 lib_generic/libgeneric.a(zlib.o)
 .debug_line    0x00008a53      0x153 board/EmbedSky/libEmbedSky.a(EmbedSky.o)
 .debug_line    0x00008ba6      0x212 board/EmbedSky/libEmbedSky.a(flash.o)
 .debug_line    0x00008db8      0x157 cpu/arm920t/libarm920t.a(cpu.o)
 .debug_line    0x00008f0f      0x199 cpu/arm920t/s3c24x0/libs3c24x0.a(serial.o)
 .debug_line    0x000090a8      0x20a cpu/arm920t/s3c24x0/libs3c24x0.a(nand_flash.o)
 .debug_line    0x000092b2       0x3d lib_arm/libarm.a(_ashldi3.o)
 .debug_line    0x000092ef       0x3d lib_arm/libarm.a(_ashrdi3.o)
 .debug_line    0x0000932c       0x63 lib_arm/libarm.a(_divsi3.o)
 .debug_line    0x0000938f       0x51 lib_arm/libarm.a(_modsi3.o)
 .debug_line    0x000093e0       0x63 lib_arm/libarm.a(_umodsi3.o)
 .debug_line    0x00009443      0x246 lib_arm/libarm.a(armlinux.o)
 .debug_line    0x00009689       0x34 lib_arm/libarm.a(cache.o)
 .debug_line    0x000096bd      0x282 fs/cramfs/libcramfs.a(cramfs.o)
 .debug_line    0x0000993f       0xa4 fs/cramfs/libcramfs.a(uncompress.o)
 .debug_line    0x000099e3      0x6f8 fs/jffs2/libjffs2.a(jffs2_1pass.o)
 .debug_line    0x0000a0db       0x9f fs/jffs2/libjffs2.a(compr_rtime.o)
 .debug_line    0x0000a17a       0xca fs/jffs2/libjffs2.a(compr_rubin.o)
 .debug_line    0x0000a244       0x7e fs/jffs2/libjffs2.a(compr_zlib.o)
 .debug_line    0x0000a2c2      0x3c3 fs/jffs2/libjffs2.a(mini_inflate.o)
 .debug_line    0x0000a685       0xc6 rtc/librtc.a(date.o)
 .debug_line    0x0000a74b      0x137 rtc/librtc.a(s3c24x0_rtc.o)
 .debug_line    0x0000a882      0x3dd drivers/nand/libnand.a(nand_util.o)
 .debug_line    0x0000ac5f      0x1ef /opt/EmbedSky/crosstools_3.4.5_softfloat/gcc-3.4.5-glibc-2.3.6/arm-linux/lib/gcc/arm-linux/3.4.5/libgcc.a(_addsubdf3.oS)
 .debug_line    0x0000ae4e      0x287 /opt/EmbedSky/crosstools_3.4.5_softfloat/gcc-3.4.5-glibc-2.3.6/arm-linux/lib/gcc/arm-linux/3.4.5/libgcc.a(_muldivdf3.oS)
 .debug_line    0x0000b0d5       0xd0 /opt/EmbedSky/crosstools_3.4.5_softfloat/gcc-3.4.5-glibc-2.3.6/arm-linux/lib/gcc/arm-linux/3.4.5/libgcc.a(_fixdfsi.oS)
 .debug_line    0x0000b1a5       0x1a /opt/EmbedSky/crosstools_3.4.5_softfloat/gcc-3.4.5-glibc-2.3.6/arm-linux/lib/gcc/arm-linux/3.4.5/libgcc.a(_udivdi3.oS)
 .debug_line    0x0000b1bf       0x1a /opt/EmbedSky/crosstools_3.4.5_softfloat/gcc-3.4.5-glibc-2.3.6/arm-linux/lib/gcc/arm-linux/3.4.5/libgcc.a(_clz.oS)

.debug_info     0x00000000    0x2a801
 .debug_info    0x00000000       0x67 cpu/arm920t/start.o
 .debug_info    0x00000067      0x81e board/EmbedSky/boot_init.o
 .debug_info    0x00000885       0x72 board/EmbedSky/lowlevel_init.o
 .debug_info    0x000008f7      0x273 cpu/arm920t/libarm920t.a(interrupts.o)
 .debug_info    0x00000b6a      0x9c1 cpu/arm920t/s3c24x0/libs3c24x0.a(interrupts.o)
 .debug_info    0x0000152b      0x3ec cpu/arm920t/s3c24x0/libs3c24x0.a(speed.o)
 .debug_info    0x00001917       0x66 lib_arm/libarm.a(_udivsi3.o)
 .debug_info    0x0000197d      0x4ea lib_arm/libarm.a(board.o)
 .debug_info    0x00001e67      0x741 lib_arm/libarm.a(boot_zImage.o)
 .debug_info    0x000025a8       0x44 lib_arm/libarm.a(div0.o)
 .debug_info    0x000025ec     0x16c6 net/libnet.a(net.o)
 .debug_info    0x00003cb2      0x447 net/libnet.a(tftp.o)
 .debug_info    0x000040f9      0x8c2 net/libnet.a(bootp.o)
 .debug_info    0x000049bb      0x245 net/libnet.a(rarp.o)
 .debug_info    0x00004c00      0x17d net/libnet.a(eth.o)
 .debug_info    0x00004d7d      0x6ad drivers/libdrivers.a(dm9000x.o)
 .debug_info    0x0000542a      0xc61 drivers/nand/libnand.a(nand.o)
 .debug_info    0x0000608b     0x2346 drivers/nand/libnand.a(nand_base.o)
 .debug_info    0x000083d1      0x156 drivers/nand/libnand.a(nand_ids.o)
 .debug_info    0x00008527      0x7f1 drivers/nand/libnand.a(nand_ecc.o)
 .debug_info    0x00008d18     0x1794 drivers/nand/libnand.a(nand_bbt.o)
 .debug_info    0x0000a4ac      0xe00 drivers/lcd/liblcd.a(embedsky_lcd.o)
 .debug_info    0x0000b2ac      0x611 modules/usb.module(usbmain.o)
 .debug_info    0x0000b8bd      0x769 modules/usb.module(usbout.o)
 .debug_info    0x0000c026      0xb09 modules/usb.module(usbsetup.o)
 .debug_info    0x0000cb2f      0xe64 modules/usb.module(usbinit.o)
 .debug_info    0x0000d993      0x589 modules/usb.module(usbin.o)
 .debug_info    0x0000df1c      0x882 modules/usb.module(usblib.o)
 .debug_info    0x0000e79e      0xbec modules/wince.module(wince_cmds.o)
 .debug_info    0x0000f38a     0x1244 modules/wince.module(ebootloader.o)
 .debug_info    0x000105ce      0x7fb modules/wince.module(extract_wince_image.o)
 .debug_info    0x00010dc9      0x6d0 common/libcommon.a(main.o)
 .debug_info    0x00011499      0x3fc common/libcommon.a(cmd_autoscript.o)
 .debug_info    0x00011895      0x368 common/libcommon.a(cmd_bdinfo.o)
 .debug_info    0x00011bfd      0x1c8 common/libcommon.a(cmd_boot.o)
 .debug_info    0x00011dc5     0x1180 common/libcommon.a(cmd_bootm.o)
 .debug_info    0x00012f45      0x218 common/libcommon.a(cmd_cache.o)
 .debug_info    0x0001315d      0x37d common/libcommon.a(cmd_console.o)
 .debug_info    0x000134da      0x4fb common/libcommon.a(cmd_date.o)
 .debug_info    0x000139d5      0x506 common/libcommon.a(cmd_elf.o)
 .debug_info    0x00013edb      0x9bb common/libcommon.a(cmd_flash.o)
 .debug_info    0x00014896      0x42a common/libcommon.a(cmd_itest.o)
 .debug_info    0x00014cc0     0x201d common/libcommon.a(cmd_jffs2.o)
 .debug_info    0x00016cdd      0xe3d common/libcommon.a(cmd_load.o)
 .debug_info    0x00017b1a      0xa16 common/libcommon.a(cmd_mem.o)
 .debug_info    0x00018530      0x1aa common/libcommon.a(cmd_misc.o)
 .debug_info    0x000186da     0x1861 common/libcommon.a(cmd_nand.o)
 .debug_info    0x00019f3b      0x4d1 common/libcommon.a(cmd_net.o)
 .debug_info    0x0001a40c      0x827 common/libcommon.a(cmd_nvedit.o)
 .debug_info    0x0001ac33      0x24b common/libcommon.a(cmd_usbslave.o)
 .debug_info    0x0001ae7e      0x4aa common/libcommon.a(cmd_menu.o)
 .debug_info    0x0001b328      0x3f4 common/libcommon.a(command.o)
 .debug_info    0x0001b71c      0x855 common/libcommon.a(console.o)
 .debug_info    0x0001bf71      0x485 common/libcommon.a(devices.o)
 .debug_info    0x0001c3f6      0xb59 common/libcommon.a(dlmalloc.o)
 .debug_info    0x0001cf4f      0x378 common/libcommon.a(env_common.o)
 .debug_info    0x0001d2c7      0xa33 common/libcommon.a(env_nand.o)
 .debug_info    0x0001dcfa      0x255 common/libcommon.a(exports.o)
 .debug_info    0x0001df4f      0x2f4 common/libcommon.a(flash.o)
 .debug_info    0x0001e243      0x4df common/libcommon.a(lists.o)
 .debug_info    0x0001e722      0x17a common/libcommon.a(s_record.o)
 .debug_info    0x0001e89c      0x625 common/libcommon.a(xyzModem.o)
 .debug_info    0x0001eec1      0x10f common/libcommon.a(crc16.o)
 .debug_info    0x0001efd0      0x16d lib_generic/libgeneric.a(crc32.o)
 .debug_info    0x0001f13d       0x56 lib_generic/libgeneric.a(ctype.o)
 .debug_info    0x0001f193      0x120 lib_generic/libgeneric.a(display_options.o)
 .debug_info    0x0001f2b3      0x828 lib_generic/libgeneric.a(string.o)
 .debug_info    0x0001fadb      0x477 lib_generic/libgeneric.a(vsprintf.o)
 .debug_info    0x0001ff52     0x16ca lib_generic/libgeneric.a(zlib.o)
 .debug_info    0x0002161c      0x5c2 board/EmbedSky/libEmbedSky.a(EmbedSky.o)
 .debug_info    0x00021bde      0x3e4 board/EmbedSky/libEmbedSky.a(flash.o)
 .debug_info    0x00021fc2      0x4b5 cpu/arm920t/libarm920t.a(cpu.o)
 .debug_info    0x00022477      0x555 cpu/arm920t/s3c24x0/libs3c24x0.a(serial.o)
 .debug_info    0x000229cc     0x10b1 cpu/arm920t/s3c24x0/libs3c24x0.a(nand_flash.o)
 .debug_info    0x00023a7d       0x66 lib_arm/libarm.a(_ashldi3.o)
 .debug_info    0x00023ae3       0x66 lib_arm/libarm.a(_ashrdi3.o)
 .debug_info    0x00023b49       0x65 lib_arm/libarm.a(_divsi3.o)
 .debug_info    0x00023bae       0x65 lib_arm/libarm.a(_modsi3.o)
 .debug_info    0x00023c13       0x66 lib_arm/libarm.a(_umodsi3.o)
 .debug_info    0x00023c79      0xa94 lib_arm/libarm.a(armlinux.o)
 .debug_info    0x0002470d       0xa8 lib_arm/libarm.a(cache.o)
 .debug_info    0x000247b5      0x770 fs/cramfs/libcramfs.a(cramfs.o)
 .debug_info    0x00024f25      0x35c fs/cramfs/libcramfs.a(uncompress.o)
 .debug_info    0x00025281     0x260f fs/jffs2/libjffs2.a(jffs2_1pass.o)
 .debug_info    0x00027890      0x139 fs/jffs2/libjffs2.a(compr_rtime.o)
 .debug_info    0x000279c9      0x1e8 fs/jffs2/libjffs2.a(compr_rubin.o)
 .debug_info    0x00027bb1       0xd7 fs/jffs2/libjffs2.a(compr_zlib.o)
 .debug_info    0x00027c88      0xc25 fs/jffs2/libjffs2.a(mini_inflate.o)
 .debug_info    0x000288ad      0x253 rtc/librtc.a(date.o)
 .debug_info    0x00028b00      0x6ac rtc/librtc.a(s3c24x0_rtc.o)
 .debug_info    0x000291ac     0x13af drivers/nand/libnand.a(nand_util.o)
 .debug_info    0x0002a55b       0xe2 /opt/EmbedSky/crosstools_3.4.5_softfloat/gcc-3.4.5-glibc-2.3.6/arm-linux/lib/gcc/arm-linux/3.4.5/libgcc.a(_addsubdf3.oS)
 .debug_info    0x0002a63d       0xe2 /opt/EmbedSky/crosstools_3.4.5_softfloat/gcc-3.4.5-glibc-2.3.6/arm-linux/lib/gcc/arm-linux/3.4.5/libgcc.a(_muldivdf3.oS)
 .debug_info    0x0002a71f       0xe2 /opt/EmbedSky/crosstools_3.4.5_softfloat/gcc-3.4.5-glibc-2.3.6/arm-linux/lib/gcc/arm-linux/3.4.5/libgcc.a(_fixdfsi.oS)

.debug_abbrev   0x00000000     0x85b3
 .debug_abbrev  0x00000000       0x14 cpu/arm920t/start.o
 .debug_abbrev  0x00000014      0x274 board/EmbedSky/boot_init.o
 .debug_abbrev  0x00000288       0x14 board/EmbedSky/lowlevel_init.o
 .debug_abbrev  0x0000029c       0xf1 cpu/arm920t/libarm920t.a(interrupts.o)
 .debug_abbrev  0x0000038d      0x250 cpu/arm920t/s3c24x0/libs3c24x0.a(interrupts.o)
 .debug_abbrev  0x000005dd      0x147 cpu/arm920t/s3c24x0/libs3c24x0.a(speed.o)
 .debug_abbrev  0x00000724       0x14 lib_arm/libarm.a(_udivsi3.o)
 .debug_abbrev  0x00000738      0x202 lib_arm/libarm.a(board.o)
 .debug_abbrev  0x0000093a      0x25b lib_arm/libarm.a(boot_zImage.o)
 .debug_abbrev  0x00000b95       0x3a lib_arm/libarm.a(div0.o)
 .debug_abbrev  0x00000bcf      0x2fc net/libnet.a(net.o)
 .debug_abbrev  0x00000ecb      0x19e net/libnet.a(tftp.o)
 .debug_abbrev  0x00001069      0x261 net/libnet.a(bootp.o)
 .debug_abbrev  0x000012ca      0x108 net/libnet.a(rarp.o)
 .debug_abbrev  0x000013d2       0xac net/libnet.a(eth.o)
 .debug_abbrev  0x0000147e      0x21d drivers/libdrivers.a(dm9000x.o)
 .debug_abbrev  0x0000169b      0x18a drivers/nand/libnand.a(nand.o)
 .debug_abbrev  0x00001825      0x32a drivers/nand/libnand.a(nand_base.o)
 .debug_abbrev  0x00001b4f       0x83 drivers/nand/libnand.a(nand_ids.o)
 .debug_abbrev  0x00001bd2      0x171 drivers/nand/libnand.a(nand_ecc.o)
 .debug_abbrev  0x00001d43      0x2b1 drivers/nand/libnand.a(nand_bbt.o)
 .debug_abbrev  0x00001ff4      0x27c drivers/lcd/liblcd.a(embedsky_lcd.o)
 .debug_abbrev  0x00002270      0x159 modules/usb.module(usbmain.o)
 .debug_abbrev  0x000023c9      0x167 modules/usb.module(usbout.o)
 .debug_abbrev  0x00002530      0x17e modules/usb.module(usbsetup.o)
 .debug_abbrev  0x000026ae      0x1e6 modules/usb.module(usbinit.o)
 .debug_abbrev  0x00002894      0x13a modules/usb.module(usbin.o)
 .debug_abbrev  0x000029ce      0x140 modules/usb.module(usblib.o)
 .debug_abbrev  0x00002b0e      0x239 modules/wince.module(wince_cmds.o)
 .debug_abbrev  0x00002d47      0x24b modules/wince.module(ebootloader.o)
 .debug_abbrev  0x00002f92      0x21a modules/wince.module(extract_wince_image.o)
 .debug_abbrev  0x000031ac      0x259 common/libcommon.a(main.o)
 .debug_abbrev  0x00003405      0x141 common/libcommon.a(cmd_autoscript.o)
 .debug_abbrev  0x00003546      0x119 common/libcommon.a(cmd_bdinfo.o)
 .debug_abbrev  0x0000365f       0xd6 common/libcommon.a(cmd_boot.o)
 .debug_abbrev  0x00003735      0x29f common/libcommon.a(cmd_bootm.o)
 .debug_abbrev  0x000039d4       0xe5 common/libcommon.a(cmd_cache.o)
 .debug_abbrev  0x00003ab9      0x134 common/libcommon.a(cmd_console.o)
 .debug_abbrev  0x00003bed      0x15a common/libcommon.a(cmd_date.o)
 .debug_abbrev  0x00003d47      0x178 common/libcommon.a(cmd_elf.o)
 .debug_abbrev  0x00003ebf      0x1b8 common/libcommon.a(cmd_flash.o)
 .debug_abbrev  0x00004077      0x17f common/libcommon.a(cmd_itest.o)
 .debug_abbrev  0x000041f6      0x342 common/libcommon.a(cmd_jffs2.o)
 .debug_abbrev  0x00004538      0x30a common/libcommon.a(cmd_load.o)
 .debug_abbrev  0x00004842      0x1c0 common/libcommon.a(cmd_mem.o)
 .debug_abbrev  0x00004a02       0xc7 common/libcommon.a(cmd_misc.o)
 .debug_abbrev  0x00004ac9      0x2d3 common/libcommon.a(cmd_nand.o)
 .debug_abbrev  0x00004d9c      0x17b common/libcommon.a(cmd_net.o)
 .debug_abbrev  0x00004f17      0x22e common/libcommon.a(cmd_nvedit.o)
 .debug_abbrev  0x00005145       0xfe common/libcommon.a(cmd_usbslave.o)
 .debug_abbrev  0x00005243      0x1a1 common/libcommon.a(cmd_menu.o)
 .debug_abbrev  0x000053e4      0x18b common/libcommon.a(command.o)
 .debug_abbrev  0x0000556f      0x23a common/libcommon.a(console.o)
 .debug_abbrev  0x000057a9      0x15b common/libcommon.a(devices.o)
 .debug_abbrev  0x00005904      0x1d6 common/libcommon.a(dlmalloc.o)
 .debug_abbrev  0x00005ada      0x149 common/libcommon.a(env_common.o)
 .debug_abbrev  0x00005c23      0x22a common/libcommon.a(env_nand.o)
 .debug_abbrev  0x00005e4d       0xf3 common/libcommon.a(exports.o)
 .debug_abbrev  0x00005f40      0x116 common/libcommon.a(flash.o)
 .debug_abbrev  0x00006056      0x18e common/libcommon.a(lists.o)
 .debug_abbrev  0x000061e4       0xac common/libcommon.a(s_record.o)
 .debug_abbrev  0x00006290      0x214 common/libcommon.a(xyzModem.o)
 .debug_abbrev  0x000064a4       0x9f common/libcommon.a(crc16.o)
 .debug_abbrev  0x00006543       0x90 lib_generic/libgeneric.a(crc32.o)
 .debug_abbrev  0x000065d3       0x42 lib_generic/libgeneric.a(ctype.o)
 .debug_abbrev  0x00006615       0xc3 lib_generic/libgeneric.a(display_options.o)
 .debug_abbrev  0x000066d8      0x136 lib_generic/libgeneric.a(string.o)
 .debug_abbrev  0x0000680e      0x1c5 lib_generic/libgeneric.a(vsprintf.o)
 .debug_abbrev  0x000069d3      0x271 lib_generic/libgeneric.a(zlib.o)
 .debug_abbrev  0x00006c44      0x13b board/EmbedSky/libEmbedSky.a(EmbedSky.o)
 .debug_abbrev  0x00006d7f      0x18e board/EmbedSky/libEmbedSky.a(flash.o)
 .debug_abbrev  0x00006f0d      0x164 cpu/arm920t/libarm920t.a(cpu.o)
 .debug_abbrev  0x00007071      0x19c cpu/arm920t/s3c24x0/libs3c24x0.a(serial.o)
 .debug_abbrev  0x0000720d      0x1ef cpu/arm920t/s3c24x0/libs3c24x0.a(nand_flash.o)
 .debug_abbrev  0x000073fc       0x14 lib_arm/libarm.a(_ashldi3.o)
 .debug_abbrev  0x00007410       0x14 lib_arm/libarm.a(_ashrdi3.o)
 .debug_abbrev  0x00007424       0x14 lib_arm/libarm.a(_divsi3.o)
 .debug_abbrev  0x00007438       0x14 lib_arm/libarm.a(_modsi3.o)
 .debug_abbrev  0x0000744c       0x14 lib_arm/libarm.a(_umodsi3.o)
 .debug_abbrev  0x00007460      0x1f7 lib_arm/libarm.a(armlinux.o)
 .debug_abbrev  0x00007657       0x4e lib_arm/libarm.a(cache.o)
 .debug_abbrev  0x000076a5      0x1ac fs/cramfs/libcramfs.a(cramfs.o)
 .debug_abbrev  0x00007851      0x150 fs/cramfs/libcramfs.a(uncompress.o)
 .debug_abbrev  0x000079a1      0x31a fs/jffs2/libjffs2.a(jffs2_1pass.o)
 .debug_abbrev  0x00007cbb       0x9d fs/jffs2/libjffs2.a(compr_rtime.o)
 .debug_abbrev  0x00007d58       0xc4 fs/jffs2/libjffs2.a(compr_rubin.o)
 .debug_abbrev  0x00007e1c       0x66 fs/jffs2/libjffs2.a(compr_zlib.o)
 .debug_abbrev  0x00007e82      0x253 fs/jffs2/libjffs2.a(mini_inflate.o)
 .debug_abbrev  0x000080d5       0xdc rtc/librtc.a(date.o)
 .debug_abbrev  0x000081b1      0x1c0 rtc/librtc.a(s3c24x0_rtc.o)
 .debug_abbrev  0x00008371      0x206 drivers/nand/libnand.a(nand_util.o)
 .debug_abbrev  0x00008577       0x14 /opt/EmbedSky/crosstools_3.4.5_softfloat/gcc-3.4.5-glibc-2.3.6/arm-linux/lib/gcc/arm-linux/3.4.5/libgcc.a(_addsubdf3.oS)
 .debug_abbrev  0x0000858b       0x14 /opt/EmbedSky/crosstools_3.4.5_softfloat/gcc-3.4.5-glibc-2.3.6/arm-linux/lib/gcc/arm-linux/3.4.5/libgcc.a(_muldivdf3.oS)
 .debug_abbrev  0x0000859f       0x14 /opt/EmbedSky/crosstools_3.4.5_softfloat/gcc-3.4.5-glibc-2.3.6/arm-linux/lib/gcc/arm-linux/3.4.5/libgcc.a(_fixdfsi.oS)

.debug_aranges  0x00000000      0xb80
 .debug_aranges
                0x00000000       0x20 cpu/arm920t/start.o
 .debug_aranges
                0x00000020       0x20 board/EmbedSky/boot_init.o
 .debug_aranges
                0x00000040       0x20 board/EmbedSky/lowlevel_init.o
 .debug_aranges
                0x00000060       0x20 cpu/arm920t/libarm920t.a(interrupts.o)
 .debug_aranges
                0x00000080       0x20 cpu/arm920t/s3c24x0/libs3c24x0.a(interrupts.o)
 .debug_aranges
                0x000000a0       0x20 cpu/arm920t/s3c24x0/libs3c24x0.a(speed.o)
 .debug_aranges
                0x000000c0       0x20 lib_arm/libarm.a(_udivsi3.o)
 .debug_aranges
                0x000000e0       0x20 lib_arm/libarm.a(board.o)
 .debug_aranges
                0x00000100       0x20 lib_arm/libarm.a(boot_zImage.o)
 .debug_aranges
                0x00000120       0x20 lib_arm/libarm.a(div0.o)
 .debug_aranges
                0x00000140       0x20 net/libnet.a(net.o)
 .debug_aranges
                0x00000160       0x20 net/libnet.a(tftp.o)
 .debug_aranges
                0x00000180       0x20 net/libnet.a(bootp.o)
 .debug_aranges
                0x000001a0       0x20 net/libnet.a(rarp.o)
 .debug_aranges
                0x000001c0       0x20 net/libnet.a(eth.o)
 .debug_aranges
                0x000001e0       0x20 drivers/libdrivers.a(dm9000x.o)
 .debug_aranges
                0x00000200       0x20 drivers/nand/libnand.a(nand.o)
 .debug_aranges
                0x00000220       0x20 drivers/nand/libnand.a(nand_base.o)
 .debug_aranges
                0x00000240       0x20 drivers/nand/libnand.a(nand_ecc.o)
 .debug_aranges
                0x00000260       0x20 drivers/nand/libnand.a(nand_bbt.o)
 .debug_aranges
                0x00000280       0x20 drivers/lcd/liblcd.a(embedsky_lcd.o)
 .debug_aranges
                0x000002a0       0x20 modules/usb.module(usbmain.o)
 .debug_aranges
                0x000002c0       0x20 modules/usb.module(usbout.o)
 .debug_aranges
                0x000002e0       0x20 modules/usb.module(usbsetup.o)
 .debug_aranges
                0x00000300       0x20 modules/usb.module(usbinit.o)
 .debug_aranges
                0x00000320       0x20 modules/usb.module(usbin.o)
 .debug_aranges
                0x00000340       0x20 modules/usb.module(usblib.o)
 .debug_aranges
                0x00000360       0x20 modules/wince.module(wince_cmds.o)
 .debug_aranges
                0x00000380       0x20 modules/wince.module(ebootloader.o)
 .debug_aranges
                0x000003a0       0x20 modules/wince.module(extract_wince_image.o)
 .debug_aranges
                0x000003c0       0x20 common/libcommon.a(main.o)
 .debug_aranges
                0x000003e0       0x20 common/libcommon.a(cmd_autoscript.o)
 .debug_aranges
                0x00000400       0x20 common/libcommon.a(cmd_bdinfo.o)
 .debug_aranges
                0x00000420       0x20 common/libcommon.a(cmd_boot.o)
 .debug_aranges
                0x00000440       0x20 common/libcommon.a(cmd_bootm.o)
 .debug_aranges
                0x00000460       0x20 common/libcommon.a(cmd_cache.o)
 .debug_aranges
                0x00000480       0x20 common/libcommon.a(cmd_console.o)
 .debug_aranges
                0x000004a0       0x20 common/libcommon.a(cmd_date.o)
 .debug_aranges
                0x000004c0       0x20 common/libcommon.a(cmd_elf.o)
 .debug_aranges
                0x000004e0       0x20 common/libcommon.a(cmd_flash.o)
 .debug_aranges
                0x00000500       0x20 common/libcommon.a(cmd_itest.o)
 .debug_aranges
                0x00000520       0x20 common/libcommon.a(cmd_jffs2.o)
 .debug_aranges
                0x00000540       0x20 common/libcommon.a(cmd_load.o)
 .debug_aranges
                0x00000560       0x20 common/libcommon.a(cmd_mem.o)
 .debug_aranges
                0x00000580       0x20 common/libcommon.a(cmd_misc.o)
 .debug_aranges
                0x000005a0       0x20 common/libcommon.a(cmd_nand.o)
 .debug_aranges
                0x000005c0       0x20 common/libcommon.a(cmd_net.o)
 .debug_aranges
                0x000005e0       0x20 common/libcommon.a(cmd_nvedit.o)
 .debug_aranges
                0x00000600       0x20 common/libcommon.a(cmd_usbslave.o)
 .debug_aranges
                0x00000620       0x20 common/libcommon.a(cmd_menu.o)
 .debug_aranges
                0x00000640       0x20 common/libcommon.a(command.o)
 .debug_aranges
                0x00000660       0x20 common/libcommon.a(console.o)
 .debug_aranges
                0x00000680       0x20 common/libcommon.a(devices.o)
 .debug_aranges
                0x000006a0       0x20 common/libcommon.a(dlmalloc.o)
 .debug_aranges
                0x000006c0       0x20 common/libcommon.a(env_common.o)
 .debug_aranges
                0x000006e0       0x20 common/libcommon.a(env_nand.o)
 .debug_aranges
                0x00000700       0x20 common/libcommon.a(exports.o)
 .debug_aranges
                0x00000720       0x20 common/libcommon.a(flash.o)
 .debug_aranges
                0x00000740       0x20 common/libcommon.a(lists.o)
 .debug_aranges
                0x00000760       0x20 common/libcommon.a(s_record.o)
 .debug_aranges
                0x00000780       0x20 common/libcommon.a(xyzModem.o)
 .debug_aranges
                0x000007a0       0x20 common/libcommon.a(crc16.o)
 .debug_aranges
                0x000007c0       0x20 lib_generic/libgeneric.a(crc32.o)
 .debug_aranges
                0x000007e0       0x20 lib_generic/libgeneric.a(display_options.o)
 .debug_aranges
                0x00000800       0x20 lib_generic/libgeneric.a(string.o)
 .debug_aranges
                0x00000820       0x20 lib_generic/libgeneric.a(vsprintf.o)
 .debug_aranges
                0x00000840       0x20 lib_generic/libgeneric.a(zlib.o)
 .debug_aranges
                0x00000860       0x20 board/EmbedSky/libEmbedSky.a(EmbedSky.o)
 .debug_aranges
                0x00000880       0x20 board/EmbedSky/libEmbedSky.a(flash.o)
 .debug_aranges
                0x000008a0       0x20 cpu/arm920t/libarm920t.a(cpu.o)
 .debug_aranges
                0x000008c0       0x20 cpu/arm920t/s3c24x0/libs3c24x0.a(serial.o)
 .debug_aranges
                0x000008e0       0x20 cpu/arm920t/s3c24x0/libs3c24x0.a(nand_flash.o)
 .debug_aranges
                0x00000900       0x20 lib_arm/libarm.a(_ashldi3.o)
 .debug_aranges
                0x00000920       0x20 lib_arm/libarm.a(_ashrdi3.o)
 .debug_aranges
                0x00000940       0x20 lib_arm/libarm.a(_divsi3.o)
 .debug_aranges
                0x00000960       0x20 lib_arm/libarm.a(_modsi3.o)
 .debug_aranges
                0x00000980       0x20 lib_arm/libarm.a(_umodsi3.o)
 .debug_aranges
                0x000009a0       0x20 lib_arm/libarm.a(armlinux.o)
 .debug_aranges
                0x000009c0       0x20 lib_arm/libarm.a(cache.o)
 .debug_aranges
                0x000009e0       0x20 fs/cramfs/libcramfs.a(cramfs.o)
 .debug_aranges
                0x00000a00       0x20 fs/cramfs/libcramfs.a(uncompress.o)
 .debug_aranges
                0x00000a20       0x20 fs/jffs2/libjffs2.a(jffs2_1pass.o)
 .debug_aranges
                0x00000a40       0x20 fs/jffs2/libjffs2.a(compr_rtime.o)
 .debug_aranges
                0x00000a60       0x20 fs/jffs2/libjffs2.a(compr_rubin.o)
 .debug_aranges
                0x00000a80       0x20 fs/jffs2/libjffs2.a(compr_zlib.o)
 .debug_aranges
                0x00000aa0       0x20 fs/jffs2/libjffs2.a(mini_inflate.o)
 .debug_aranges
                0x00000ac0       0x20 rtc/librtc.a(date.o)
 .debug_aranges
                0x00000ae0       0x20 rtc/librtc.a(s3c24x0_rtc.o)
 .debug_aranges
                0x00000b00       0x20 drivers/nand/libnand.a(nand_util.o)
 .debug_aranges
                0x00000b20       0x20 /opt/EmbedSky/crosstools_3.4.5_softfloat/gcc-3.4.5-glibc-2.3.6/arm-linux/lib/gcc/arm-linux/3.4.5/libgcc.a(_addsubdf3.oS)
 .debug_aranges
                0x00000b40       0x20 /opt/EmbedSky/crosstools_3.4.5_softfloat/gcc-3.4.5-glibc-2.3.6/arm-linux/lib/gcc/arm-linux/3.4.5/libgcc.a(_muldivdf3.oS)
 .debug_aranges
                0x00000b60       0x20 /opt/EmbedSky/crosstools_3.4.5_softfloat/gcc-3.4.5-glibc-2.3.6/arm-linux/lib/gcc/arm-linux/3.4.5/libgcc.a(_fixdfsi.oS)

.debug_frame    0x00000000     0x4194
 .debug_frame   0x00000000      0x15c board/EmbedSky/boot_init.o
 .debug_frame   0x0000015c      0x110 cpu/arm920t/libarm920t.a(interrupts.o)
 .debug_frame   0x0000026c      0x1cc cpu/arm920t/s3c24x0/libs3c24x0.a(interrupts.o)
 .debug_frame   0x00000438       0x7c cpu/arm920t/s3c24x0/libs3c24x0.a(speed.o)
 .debug_frame   0x000004b4       0x8c lib_arm/libarm.a(board.o)
 .debug_frame   0x00000540      0x100 lib_arm/libarm.a(boot_zImage.o)
 .debug_frame   0x00000640       0x20 lib_arm/libarm.a(div0.o)
 .debug_frame   0x00000660      0x2c0 net/libnet.a(net.o)
 .debug_frame   0x00000920       0x8c net/libnet.a(tftp.o)
 .debug_frame   0x000009ac       0x8c net/libnet.a(bootp.o)
 .debug_frame   0x00000a38       0x60 net/libnet.a(rarp.o)
 .debug_frame   0x00000a98       0x20 net/libnet.a(eth.o)
 .debug_frame   0x00000ab8       0xf4 drivers/libdrivers.a(dm9000x.o)
 .debug_frame   0x00000bac       0x28 drivers/nand/libnand.a(nand.o)
 .debug_frame   0x00000bd4      0x460 drivers/nand/libnand.a(nand_base.o)
 .debug_frame   0x00001034       0x54 drivers/nand/libnand.a(nand_ecc.o)
 .debug_frame   0x00001088      0x1a0 drivers/nand/libnand.a(nand_bbt.o)
 .debug_frame   0x00001228      0x1ac drivers/lcd/liblcd.a(embedsky_lcd.o)
 .debug_frame   0x000013d4       0x70 modules/usb.module(usbmain.o)
 .debug_frame   0x00001444       0x80 modules/usb.module(usbout.o)
 .debug_frame   0x000014c4       0x70 modules/usb.module(usbsetup.o)
 .debug_frame   0x00001534      0x128 modules/usb.module(usbinit.o)
 .debug_frame   0x0000165c       0x48 modules/usb.module(usbin.o)
 .debug_frame   0x000016a4       0xd0 modules/usb.module(usblib.o)
 .debug_frame   0x00001774       0xb4 modules/wince.module(wince_cmds.o)
 .debug_frame   0x00001828       0xe8 modules/wince.module(ebootloader.o)
 .debug_frame   0x00001910       0xbc modules/wince.module(extract_wince_image.o)
 .debug_frame   0x000019cc       0xb4 common/libcommon.a(main.o)
 .debug_frame   0x00001a80       0x4c common/libcommon.a(cmd_autoscript.o)
 .debug_frame   0x00001acc       0x3c common/libcommon.a(cmd_bdinfo.o)
 .debug_frame   0x00001b08       0x2c common/libcommon.a(cmd_boot.o)
 .debug_frame   0x00001b34       0xf8 common/libcommon.a(cmd_bootm.o)
 .debug_frame   0x00001c2c       0x58 common/libcommon.a(cmd_cache.o)
 .debug_frame   0x00001c84       0x30 common/libcommon.a(cmd_console.o)
 .debug_frame   0x00001cb4       0x64 common/libcommon.a(cmd_date.o)
 .debug_frame   0x00001d18       0x88 common/libcommon.a(cmd_elf.o)
 .debug_frame   0x00001da0      0x124 common/libcommon.a(cmd_flash.o)
 .debug_frame   0x00001ec4       0x74 common/libcommon.a(cmd_itest.o)
 .debug_frame   0x00001f38      0x2ac common/libcommon.a(cmd_jffs2.o)
 .debug_frame   0x000021e4      0x198 common/libcommon.a(cmd_load.o)
 .debug_frame   0x0000237c      0x184 common/libcommon.a(cmd_mem.o)